Component: ARM Compiler 5.06 update 6 (build 750) Tool: armlink [4d35ed]

==============================================================================

Section Cross References

    startup_stm32f407xx.o(RESET) refers to startup_stm32f407xx.o(STACK) for __initial_sp
    startup_stm32f407xx.o(RESET) refers to startup_stm32f407xx.o(.text) for Reset_Handler
    startup_stm32f407xx.o(RESET) refers to stm32f4xx_it.o(i.NMI_Handler) for NMI_Handler
    startup_stm32f407xx.o(RESET) refers to stm32f4xx_it.o(i.HardFault_Handler) for HardFault_Handler
    startup_stm32f407xx.o(RESET) refers to stm32f4xx_it.o(i.MemManage_Handler) for MemManage_Handler
    startup_stm32f407xx.o(RESET) refers to stm32f4xx_it.o(i.BusFault_Handler) for BusFault_Handler
    startup_stm32f407xx.o(RESET) refers to stm32f4xx_it.o(i.UsageFault_Handler) for UsageFault_Handler
    startup_stm32f407xx.o(RESET) refers to port.o(.emb_text) for SVC_Handler
    startup_stm32f407xx.o(RESET) refers to stm32f4xx_it.o(i.DebugMon_Handler) for DebugMon_Handler
    startup_stm32f407xx.o(RESET) refers to stm32f4xx_it.o(i.SysTick_Handler) for SysTick_Handler
    startup_stm32f407xx.o(RESET) refers to stm32f4xx_it.o(i.EXTI9_5_IRQHandler) for EXTI9_5_IRQHandler
    startup_stm32f407xx.o(RESET) refers to stm32f4xx_it.o(i.UART4_IRQHandler) for UART4_IRQHandler
    startup_stm32f407xx.o(.text) refers to system_stm32f4xx.o(i.SystemInit) for SystemInit
    startup_stm32f407xx.o(.text) refers to entry.o(.ARM.Collect$$$$00000000) for __main
    main.o(i.SystemClock_Config) refers to memseta.o(.text) for __aeabi_memclr4
    main.o(i.SystemClock_Config) refers to stm32f4xx_hal_rcc.o(i.HAL_RCC_OscConfig) for HAL_RCC_OscConfig
    main.o(i.SystemClock_Config) refers to stm32f4xx_hal_rcc.o(i.HAL_RCC_ClockConfig) for HAL_RCC_ClockConfig
    main.o(i.main) refers to stm32f4xx_hal.o(i.HAL_Init) for HAL_Init
    main.o(i.main) refers to main.o(i.SystemClock_Config) for SystemClock_Config
    main.o(i.main) refers to gpio.o(i.MX_GPIO_Init) for MX_GPIO_Init
    main.o(i.main) refers to usart.o(i.MX_USART1_UART_Init) for MX_USART1_UART_Init
    main.o(i.main) refers to adc.o(i.MX_ADC1_Init) for MX_ADC1_Init
    main.o(i.main) refers to tim.o(i.MX_TIM6_Init) for MX_TIM6_Init
    main.o(i.main) refers to usart.o(i.MX_UART4_Init) for MX_UART4_Init
    main.o(i.main) refers to freertos.o(i.MX_FREERTOS_Init) for MX_FREERTOS_Init
    main.o(i.main) refers to cmsis_os.o(i.osKernelStart) for osKernelStart
    gpio.o(i.HAL_GPIO_EXTI_Callback) refers to gpio.o(.data) for .data
    gpio.o(i.MX_GPIO_Init) refers to memseta.o(.text) for __aeabi_memclr4
    gpio.o(i.MX_GPIO_Init) refers to stm32f4xx_hal_gpio.o(i.HAL_GPIO_WritePin) for HAL_GPIO_WritePin
    gpio.o(i.MX_GPIO_Init) refers to stm32f4xx_hal_gpio.o(i.HAL_GPIO_Init) for HAL_GPIO_Init
    gpio.o(i.MX_GPIO_Init) refers to stm32f4xx_hal_cortex.o(i.HAL_NVIC_SetPriority) for HAL_NVIC_SetPriority
    gpio.o(i.MX_GPIO_Init) refers to stm32f4xx_hal_cortex.o(i.HAL_NVIC_EnableIRQ) for HAL_NVIC_EnableIRQ
    freertos.o(i.MX_FREERTOS_Init) refers to memcpya.o(.text) for __aeabi_memcpy4
    freertos.o(i.MX_FREERTOS_Init) refers to cmsis_os.o(i.osThreadCreate) for osThreadCreate
    freertos.o(i.MX_FREERTOS_Init) refers to freertos.o(.constdata) for .constdata
    freertos.o(i.MX_FREERTOS_Init) refers to freertos.o(.data) for .data
    freertos.o(i.StartTask01) refers to ldh_driver_dht11.o(i.DHT11_Init) for DHT11_Init
    freertos.o(i.StartTask01) refers to ldh_driver_dht11.o(i.ldh_DHT11_Read) for ldh_DHT11_Read
    freertos.o(i.StartTask01) refers to cmsis_os.o(i.osDelay) for osDelay
    freertos.o(i.StartTask01) refers to ldh_driver_dht11.o(.data) for ldh_hum
    freertos.o(i.StartTask01) refers to ldh_driver_dht11.o(.data) for ldh_temp
    freertos.o(i.StartTask02) refers to printfa.o(i.__0printf) for __2printf
    freertos.o(i.StartTask02) refers to f2d.o(.text) for __aeabi_f2d
    freertos.o(i.StartTask02) refers to cmsis_os.o(i.osDelay) for osDelay
    freertos.o(i.StartTask02) refers to gpio.o(.data) for ldh_key
    freertos.o(i.StartTask02) refers to ldh_driver_dht11.o(.data) for ldh_hum
    freertos.o(i.StartTask02) refers to ldh_driver_dht11.o(.data) for ldh_temp
    freertos.o(i.StartTask02) refers to ldh_driver_light.o(.data) for ldh_light
    freertos.o(i.StartTask03) refers to ldh_driver_light.o(i.get_light) for get_light
    freertos.o(i.StartTask03) refers to cmsis_os.o(i.osDelay) for osDelay
    freertos.o(i.StartTask03) refers to ldh_driver_light.o(.data) for ldh_light
    freertos.o(i.StartTask04) refers to cmsis_os.o(i.osDelay) for osDelay
    freertos.o(i.StartTask05) refers to f2d.o(.text) for __aeabi_f2d
    freertos.o(i.StartTask05) refers to printfa.o(i.__0sprintf) for __2sprintf
    freertos.o(i.StartTask05) refers to ldh_driver_esp01s.o(i.wifi_sendMessage) for wifi_sendMessage
    freertos.o(i.StartTask05) refers to cmsis_os.o(i.osDelay) for osDelay
[...]
    ../clib/microlib/string/strlen.c         0x00000000   Number         0  strlen.o ABSOLUTE
    ../clib/microlib/string/strstr.c         0x00000000   Number         0  strstr.o ABSOLUTE
    ../clib/microlib/stubs.s                 0x00000000   Number         0  iusefp.o ABSOLUTE
    ../fplib/microlib/f2d.c                  0x00000000   Number         0  f2d.o ABSOLUTE
    ../fplib/microlib/fpadd.c                0x00000000   Number         0  dadd.o ABSOLUTE
    ../fplib/microlib/fpdiv.c                0x00000000   Number         0  ddiv.o ABSOLUTE
    ../fplib/microlib/fpepilogue.c           0x00000000   Number         0  depilogue.o ABSOLUTE
    ../fplib/microlib/fpfix.c                0x00000000   Number         0  dfixul.o ABSOLUTE
    ../fplib/microlib/fpmul.c                0x00000000   Number         0  dmul.o ABSOLUTE
    ..\Core\Src\adc.c                        0x00000000   Number         0  adc.o ABSOLUTE
    ..\Core\Src\freertos.c                   0x00000000   Number         0  freertos.o ABSOLUTE
    ..\Core\Src\gpio.c                       0x00000000   Number         0  gpio.o ABSOLUTE
    ..\Core\Src\main.c                       0x00000000   Number         0  main.o ABSOLUTE
    ..\Core\Src\stm32f4xx_hal_msp.c          0x00000000   Number         0  stm32f4xx_hal_msp.o ABSOLUTE
    ..\Core\Src\stm32f4xx_it.c               0x00000000   Number         0  stm32f4xx_it.o ABSOLUTE
    ..\Core\Src\system_stm32f4xx.c           0x00000000   Number         0  system_stm32f4xx.o ABSOLUTE
    ..\Core\Src\tim.c                        0x00000000   Number         0  tim.o ABSOLUTE
    ..\Core\Src\usart.c                      0x00000000   Number         0  usart.o ABSOLUTE
    ..\Drivers\STM32F4xx_HAL_Driver\Src\stm32f4xx_hal.c 0x00000000   Number         0  stm32f4xx_hal.o ABSOLUTE
    ..\Drivers\STM32F4xx_HAL_Driver\Src\stm32f4xx_hal_adc.c 0x00000000   Number         0  stm32f4xx_hal_adc.o ABSOLUTE
    ..\Drivers\STM32F4xx_HAL_Driver\Src\stm32f4xx_hal_adc_ex.c 0x00000000   Number         0  stm32f4xx_hal_adc_ex.o ABSOLUTE
    ..\Drivers\STM32F4xx_HAL_Driver\Src\stm32f4xx_hal_cortex.c 0x00000000   Number         0  stm32f4xx_hal_cortex.o ABSOLUTE
    ..\Drivers\STM32F4xx_HAL_Driver\Src\stm32f4xx_hal_dma.c 0x00000000   Number         0  stm32f4xx_hal_dma.o ABSOLUTE
    ..\Drivers\STM32F4xx_HAL_Driver\Src\stm32f4xx_hal_dma_ex.c 0x00000000   Number         0  stm32f4xx_hal_dma_ex.o ABSOLUTE
    ..\Drivers\STM32F4xx_HAL_Driver\Src\stm32f4xx_hal_exti.c 0x00000000   Number         0  stm32f4xx_hal_exti.o ABSOLUTE
    ..\Drivers\STM32F4xx_HAL_Driver\Src\stm32f4xx_hal_flash.c 0x00000000   Number         0  stm32f4xx_hal_flash.o ABSOLUTE
    ..\Drivers\STM32F4xx_HAL_Driver\Src\stm32f4xx_hal_flash_ex.c 0x00000000   Number         0  stm32f4xx_hal_flash_ex.o ABSOLUTE
    ..\Drivers\STM32F4xx_HAL_Driver\Src\stm32f4xx_hal_flash_ramfunc.c 0x00000000   Number         0  stm32f4xx_hal_flash_ramfunc.o ABSOLUTE
    ..\Drivers\STM32F4xx_HAL_Driver\Src\stm32f4xx_hal_gpio.c 0x00000000   Number         0  stm32f4xx_hal_gpio.o ABSOLUTE
    ..\Drivers\STM32F4xx_HAL_Driver\Src\stm32f4xx_hal_pwr.c 0x00000000   Number         0  stm32f4xx_hal_pwr.o ABSOLUTE
    ..\Drivers\STM32F4xx_HAL_Driver\Src\stm32f4xx_hal_pwr_ex.c 0x00000000   Number         0  stm32f4xx_hal_pwr_ex.o ABSOLUTE
    ..\Drivers\STM32F4xx_HAL_Driver\Src\stm32f4xx_hal_rcc.c 0x00000000   Number         0  stm32f4xx_hal_rcc.o ABSOLUTE
    ..\Drivers\STM32F4xx_HAL_Driver\Src\stm32f4xx_hal_rcc_ex.c 0x00000000   Number         0  stm32f4xx_hal_rcc_ex.o ABSOLUTE
    ..\Drivers\STM32F4xx_HAL_Driver\Src\stm32f4xx_hal_tim.c 0x00000000   Number         0  stm32f4xx_hal_tim.o ABSOLUTE
    ..\Drivers\STM32F4xx_HAL_Driver\Src\stm32f4xx_hal_tim_ex.c 0x00000000   Number         0  stm32f4xx_hal_tim_ex.o ABSOLUTE
    ..\Drivers\STM32F4xx_HAL_Driver\Src\stm32f4xx_hal_uart.c 0x00000000   Number         0  stm32f4xx_hal_uart.o ABSOLUTE
    ..\Middlewares\Third_Party\FreeRTOS\Source\CMSIS_RTOS\cmsis_os.c 0x00000000   Number         0  cmsis_os.o ABSOLUTE
    ..\Middlewares\Third_Party\FreeRTOS\Source\portable\RVDS\ARM_CM4F\port.c 0x00000000   Number         0  port.o ABSOLUTE
    ..\\ldh_stm32_library\\ldh_common\\ldh_delay.c 0x00000000   Number         0  ldh_delay.o ABSOLUTE
    ..\\ldh_stm32_library\\ldh_common\\ldh_iic.c 0x00000000   Number         0  ldh_iic.o ABSOLUTE
    ..\\ldh_stm32_library\\ldh_common\\ldh_led_beep.c 0x00000000   Number         0  ldh_led_beep.o ABSOLUTE
    ..\\ldh_stm32_library\\ldh_driver\\ldh_driver_dht11.c 0x00000000   Number         0  ldh_driver_dht11.o ABSOLUTE
    ..\\ldh_stm32_library\\ldh_driver\\ldh_driver_esp01s.c 0x00000000   Number         0  ldh_driver_esp01s.o ABSOLUTE
    ..\\ldh_stm32_library\\ldh_driver\\ldh_driver_light.c 0x00000000   Number         0  ldh_driver_light.o ABSOLUTE
    ..\\ldh_stm32_library\\ldh_driver\\ldh_driver_sr04.c 0x00000000   Number         0  ldh_driver_sr04.o ABSOLUTE
    ..\\ldh_stm32_library\\ldh_driver\\ldh_driver_tm1650.c 0x00000000   Number         0  ldh_driver_tm1650.o ABSOLUTE
    ..\ldh_stm32_library\ldh_common\ldh_delay.c 0x00000000   Number         0  ldh_delay.o ABSOLUTE
    ..\ldh_stm32_library\ldh_common\ldh_iic.c 0x00000000   Number         0  ldh_iic.o ABSOLUTE
    ..\ldh_stm32_library\ldh_common\ldh_led_beep.c 0x00000000   Number         0  ldh_led_beep.o ABSOLUTE
    ..\ldh_stm32_library\ldh_driver\ldh_driver_dht11.c 0x00000000   Number         0  ldh_driver_dht11.o ABSOLUTE
    ..\ldh_stm32_library\ldh_driver\ldh_driver_esp01s.c 0x00000000   Number         0  ldh_driver_esp01s.o ABSOLUTE
    ..\ldh_stm32_library\ldh_driver\ldh_driver_light.c 0x00000000   Number         0  ldh_driver_light.o ABSOLUTE
    ..\ldh_stm32_library\ldh_driver\ldh_driver_sr04.c 0x00000000   Number         0  ldh_driver_sr04.o ABSOLUTE
    ..\ldh_stm32_library\ldh_driver\ldh_driver_tm1650.c 0x00000000   Number         0  ldh_driver_tm1650.o ABSOLUTE
    cdrcmple.s                               0x00000000   Number         0  cdrcmple.o ABSOLUTE
    dc.s                                     0x00000000   Number         0  dc.o ABSOLUTE
    handlers.s                               0x00000000   Number         0  handlers.o ABSOLUTE
    init.s                                   0x00000000   Number         0  init.o ABSOLUTE
    startup_stm32f407xx.s                    0x00000000   Number         0  startup_stm32f407xx.o ABSOLUTE
    RESET                                    0x08000000   Section      392  startup_stm32f407xx.o(RESET)
    .ARM.Collect$$$$00000000                 0x08000188   Section        0  entry.o(.ARM.Collect$$$$00000000)
    .ARM.Collect$$$$00000001                 0x08000188   Section        4  entry2.o(.ARM.Collect$$$$00000001)
    .ARM.Collect$$$$00000004                 0x0800018c   Section        4  entry5.o(.ARM.Collect$$$$00000004)
    .ARM.Collect$$$$00000008                 0x08000190   Section        0  entry7b.o(.ARM.Collect$$$$00000008)
    .ARM.Collect$$$$0000000A                 0x08000190   Section        0  entry8b.o(.ARM.Collect$$$$0000000A)
    .ARM.Collect$$$$0000000B                 0x08000190   Section        8  entry9a.o(.ARM.Collect$$$$0000000B)
    .ARM.Collect$$$$0000000D                 0x08000198   Section        0  entry10a.o(.ARM.Collect$$$$0000000D)
    .ARM.Collect$$$$0000000F                 0x08000198   Section        0  entry11a.o(.ARM.Collect$$$$0000000F)
    .ARM.Collect$$$$00002712                 0x08000198   Section        4  entry2.o(.ARM.Collect$$$$00002712)
    __lit__00000000                          0x08000198   Data           4  entry2.o(.ARM.Collect$$$$00002712)
    .emb_text                                0x0800019c   Section      190  port.o(.emb_text)
    $v0                                      0x0800019c   Number         0  port.o(.emb_text)
    .text                                    0x0800025c   Section       36  startup_stm32f407xx.o(.text)
    $v0                                      0x0800025c   Number         0  startup_stm32f407xx.o(.text)
    .text                                    0x08000280   Section        0  uldiv.o(.text)
    .text                                    0x080002e2   Section        0  memcpya.o(.text)
    .text                                    0x08000306   Section        0  memseta.o(.text)
    .text                                    0x0800032a   Section        0  strlen.o(.text)
    .text                                    0x08000338   Section        0  f2d.o(.text)
    .text                                    0x0800035e   Section        0  uidiv.o(.text)
    .text                                    0x0800038a   Section        0  llshl.o(.text)
    .text                                    0x080003a8   Section        0  llushr.o(.text)
    .text                                    0x080003c8   Section        0  dadd.o(.text)
    .text                                    0x080003c8   Section        0  iusefp.o(.text)
    .text                                    0x08000516   Section        0  dmul.o(.text)
    .text                                    0x080005fa   Section        0  ddiv.o(.text)
    .text                                    0x080006d8   Section        0  dfixul.o(.text)
    .text                                    0x08000708   Section       48  cdrcmple.o(.text)
    .text                                    0x08000738   Section       36  init.o(.text)
    .text                                    0x0800075c   Section        0  llsshr.o(.text)
    .text                                    0x08000780   Section        0  depilogue.o(.text)
    i.ADC_Init                               0x0800083c   Section        0  stm32f4xx_hal_adc.o(i.ADC_Init)
    ADC_Init                                 0x0800083d   Thumb Code   284  stm32f4xx_hal_adc.o(i.ADC_Init)
    i.BusFault_Handler                       0x08000964   Section        0  stm32f4xx_it.o(i.BusFault_Handler)
    i.DHT11_Init                             0x08000968   Section        0  ldh_driver_dht11.o(i.DHT11_Init)
    i.DHT11_Mode_IPU                         0x08000998   Section        0  ldh_driver_dht11.o(i.DHT11_Mode_IPU)
    DHT11_Mode_IPU                           0x08000999   Thumb Code    28  ldh_driver_dht11.o(i.DHT11_Mode_IPU)
    i.DHT11_Mode_Out_PP                      0x080009b8   Section        0  ldh_driver_dht11.o(i.DHT11_Mode_Out_PP)
    DHT11_Mode_Out_PP                        0x080009b9   Thumb Code    28  ldh_driver_dht11.o(i.DHT11_Mode_Out_PP)
    i.DHT11_ReadByte                         0x080009d8   Section        0  ldh_driver_dht11.o(i.DHT11_ReadByte)
    DHT11_ReadByte                           0x080009d9   Thumb Code    92  ldh_driver_dht11.o(i.DHT11_ReadByte)
    i.DebugMon_Handler                       0x08000a38   Section        0  stm32f4xx_it.o(i.DebugMon_Handler)
    i.EXTI9_5_IRQHandler                     0x08000a3a   Section        0  stm32f4xx_it.o(i.EXTI9_5_IRQHandler)
    i.Error_Handler                          0x08000a5c   Section        0  main.o(i.Error_Handler)
    i.HAL_ADC_ConfigChannel                  0x08000a60   Section        0  stm32f4xx_hal_adc.o(i.HAL_ADC_ConfigChannel)
    i.HAL_ADC_GetState                       0x08000bac   Section        0  stm32f4xx_hal_adc.o(i.HAL_ADC_GetState)
    i.HAL_ADC_GetValue                       0x08000bb0   Section        0  stm32f4xx_hal_adc.o(i.HAL_ADC_GetValue)
    i.HAL_ADC_Init                           0x08000bb6   Section        0  stm32f4xx_hal_adc.o(i.HAL_ADC_Init)
    i.HAL_ADC_MspInit                        0x08000c0c   Section        0  adc.o(i.HAL_ADC_MspInit)
    i.HAL_ADC_PollForConversion              0x08000c6c   Section        0  stm32f4xx_hal_adc.o(i.HAL_ADC_PollForConversion)
    i.HAL_ADC_Start                          0x08000d18   Section        0  stm32f4xx_hal_adc.o(i.HAL_ADC_Start)
    i.HAL_DMA_Abort                          0x08000e14   Section        0  stm32f4xx_hal_dma.o(i.HAL_DMA_Abort)
    i.HAL_DMA_Abort_IT                       0x08000ea6   Section        0  stm32f4xx_hal_dma.o(i.HAL_DMA_Abort_IT)
    i.HAL_GPIO_EXTI_Callback                 0x08000ecc   Section        0  gpio.o(i.HAL_GPIO_EXTI_Callback)
    i.HAL_GPIO_EXTI_IRQHandler               0x08000ef8   Section        0  stm32f4xx_hal_gpio.o(i.HAL_GPIO_EXTI_IRQHandler)
    i.HAL_GPIO_Init                          0x08000f10   Section        0  stm32f4xx_hal_gpio.o(i.HAL_GPIO_Init)
    i.HAL_GPIO_ReadPin                       0x08001100   Section        0  stm32f4xx_hal_gpio.o(i.HAL_GPIO_ReadPin)
    i.HAL_GPIO_WritePin                      0x0800110a   Section        0  stm32f4xx_hal_gpio.o(i.HAL_GPIO_WritePin)
    i.HAL_GetTick                            0x08001114   Section        0  stm32f4xx_hal.o(i.HAL_GetTick)
    i.HAL_IncTick                            0x08001120   Section        0  stm32f4xx_hal.o(i.HAL_IncTick)
    i.HAL_Init                               0x08001130   Section        0  stm32f4xx_hal.o(i.HAL_Init)
    i.HAL_InitTick                           0x08001164   Section        0  stm32f4xx_hal.o(i.HAL_InitTick)
    i.HAL_MspInit                            0x080011a4   Section        0  stm32f4xx_hal_msp.o(i.HAL_MspInit)
    i.HAL_NVIC_EnableIRQ                     0x080011dc   Section        0  stm32f4xx_hal_cortex.o(i.HAL_NVIC_EnableIRQ)
    i.HAL_NVIC_SetPriority                   0x080011f8   Section        0  stm32f4xx_hal_cortex.o(i.HAL_NVIC_SetPriority)
    i.HAL_NVIC_SetPriorityGrouping           0x08001238   Section        0  stm32f4xx_hal_cortex.o(i.HAL_NVIC_SetPriorityGrouping)
    i.HAL_RCC_ClockConfig                    0x0800125c   Section        0  stm32f4xx_hal_rcc.o(i.HAL_RCC_ClockConfig)
    i.HAL_RCC_GetPCLK1Freq                   0x08001390   Section        0  stm32f4xx_hal_rcc.o(i.HAL_RCC_GetPCLK1Freq)
    i.HAL_RCC_GetPCLK2Freq                   0x080013b0   Section        0  stm32f4xx_hal_rcc.o(i.HAL_RCC_GetPCLK2Freq)
    i.HAL_RCC_GetSysClockFreq                0x080013d0   Section        0  stm32f4xx_hal_rcc.o(i.HAL_RCC_GetSysClockFreq)
    i.HAL_RCC_OscConfig                      0x08001430   Section        0  stm32f4xx_hal_rcc.o(i.HAL_RCC_OscConfig)
    i.HAL_SYSTICK_Config                     0x0800179c   Section        0  stm32f4xx_hal_cortex.o(i.HAL_SYSTICK_Config)
    i.HAL_TIMEx_MasterConfigSynchronization  0x080017c4   Section        0  stm32f4xx_hal_tim_ex.o(i.HAL_TIMEx_MasterConfigSynchronization)
    i.HAL_TIM_Base_Init                      0x08001854   Section        0  stm32f4xx_hal_tim.o(i.HAL_TIM_Base_Init)
    i.HAL_TIM_Base_MspInit                   0x080018b0   Section        0  tim.o(i.HAL_TIM_Base_MspInit)
    i.HAL_TIM_Base_Start                     0x080018d8   Section        0  stm32f4xx_hal_tim.o(i.HAL_TIM_Base_Start)
    i.HAL_TIM_Base_Stop                      0x08001950   Section        0  stm32f4xx_hal_tim.o(i.HAL_TIM_Base_Stop)
    i.HAL_UARTEx_RxEventCallback             0x08001976   Section        0  stm32f4xx_hal_uart.o(i.HAL_UARTEx_RxEventCallback)
    i.HAL_UART_ErrorCallback                 0x08001978   Section        0  stm32f4xx_hal_uart.o(i.HAL_UART_ErrorCallback)
    i.HAL_UART_IRQHandler                    0x0800197c   Section        0  stm32f4xx_hal_uart.o(i.HAL_UART_IRQHandler)
    i.HAL_UART_Init                          0x08001be4   Section        0  stm32f4xx_hal_uart.o(i.HAL_UART_Init)
    i.HAL_UART_MspInit                       0x08001c48   Section        0  usart.o(i.HAL_UART_MspInit)
    i.HAL_UART_Receive_IT                    0x08001d04   Section        0  stm32f4xx_hal_uart.o(i.HAL_UART_Receive_IT)
    i.HAL_UART_RxCpltCallback                0x08001d30   Section        0  ldh_driver_esp01s.o(i.HAL_UART_RxCpltCallback)
    i.HAL_UART_Transmit                      0x08001db4   Section        0  stm32f4xx_hal_uart.o(i.HAL_UART_Transmit)
    i.HAL_UART_TxCpltCallback                0x08001e66   Section        0  stm32f4xx_hal_uart.o(i.HAL_UART_TxCpltCallback)
    i.HardFault_Handler                      0x08001e68   Section        0  stm32f4xx_it.o(i.HardFault_Handler)
    i.MX_ADC1_Init                           0x08001e6c   Section        0  adc.o(i.MX_ADC1_Init)
    i.MX_FREERTOS_Init                       0x08001ecc   Section        0  freertos.o(i.MX_FREERTOS_Init)
    i.MX_GPIO_Init                           0x08001f4c   Section        0  gpio.o(i.MX_GPIO_Init)
    i.MX_TIM6_Init                           0x08002058   Section        0  tim.o(i.MX_TIM6_Init)
    i.MX_UART4_Init                          0x0800209c   Section        0  usart.o(i.MX_UART4_Init)
    i.MX_USART1_UART_Init                    0x080020d4   Section        0  usart.o(i.MX_USART1_UART_Init)
    i.MemManage_Handler                      0x0800210c   Section        0  stm32f4xx_it.o(i.MemManage_Handler)
    i.NMI_Handler                            0x0800210e   Section        0  stm32f4xx_it.o(i.NMI_Handler)
    i.StartTask01                            0x08002110   Section        0  freertos.o(i.StartTask01)
    i.StartTask02                            0x08002130   Section        0  freertos.o(i.StartTask02)
    i.StartTask03                            0x08002248   Section        0  freertos.o(i.StartTask03)
    i.StartTask04                            0x08002260   Section        0  freertos.o(i.StartTask04)
    i.StartTask05                            0x0800226c   Section        0  freertos.o(i.StartTask05)
    i.SysTick_Handler                        0x080022f4   Section        0  stm32f4xx_it.o(i.SysTick_Handler)
    i.SystemClock_Config                     0x0800230c   Section        0  main.o(i.SystemClock_Config)
    i.SystemInit                             0x0800239c   Section        0  system_stm32f4xx.o(i.SystemInit)
    i.TIM_Base_SetConfig                     0x080023ac   Section        0  stm32f4xx_hal_tim.o(i.TIM_Base_SetConfig)
    i.UART4_IRQHandler                       0x08002474   Section        0  stm32f4xx_it.o(i.UART4_IRQHandler)
    i.UART_DMAAbortOnError                   0x08002480   Section        0  stm32f4xx_hal_uart.o(i.UART_DMAAbortOnError)
    UART_DMAAbortOnError                     0x08002481   Thumb Code    16  stm32f4xx_hal_uart.o(i.UART_DMAAbortOnError)
    i.UART_EndRxTransfer                     0x08002490   Section        0  stm32f4xx_hal_uart.o(i.UART_EndRxTransfer)
    UART_EndRxTransfer                       0x08002491   Thumb Code    78  stm32f4xx_hal_uart.o(i.UART_EndRxTransfer)
    i.UART_Receive_IT                        0x080024de   Section        0  stm32f4xx_hal_uart.o(i.UART_Receive_IT)
    UART_Receive_IT                          0x080024df   Thumb Code   192  stm32f4xx_hal_uart.o(i.UART_Receive_IT)
    i.UART_SetConfig                         0x080025a0   Section        0  stm32f4xx_hal_uart.o(i.UART_SetConfig)
    UART_SetConfig                           0x080025a1   Thumb Code   258  stm32f4xx_hal_uart.o(i.UART_SetConfig)
    i.UART_Start_Receive_IT                  0x080026ac   Section        0  stm32f4xx_hal_uart.o(i.UART_Start_Receive_IT)
    i.UART_WaitOnFlagUntilTimeout            0x080026e6   Section        0  stm32f4xx_hal_uart.o(i.UART_WaitOnFlagUntilTimeout)
    UART_WaitOnFlagUntilTimeout              0x080026e7   Thumb Code   120  stm32f4xx_hal_uart.o(i.UART_WaitOnFlagUntilTimeout)
    i.UsageFault_Handler                     0x0800275e   Section        0  stm32f4xx_it.o(i.UsageFault_Handler)
    i.__0printf                              0x08002760   Section        0  printfa.o(i.__0printf)
    i.__0sprintf                             0x08002780   Section        0  printfa.o(i.__0sprintf)
    i.__NVIC_SetPriority                     0x080027a8   Section        0  stm32f4xx_hal_cortex.o(i.__NVIC_SetPriority)
    __NVIC_SetPriority                       0x080027a9   Thumb Code    32  stm32f4xx_hal_cortex.o(i.__NVIC_SetPriority)
    i.__scatterload_copy                     0x080027c8   Section       14  handlers.o(i.__scatterload_copy)
    i.__scatterload_null                     0x080027d6   Section        2  handlers.o(i.__scatterload_null)
    i.__scatterload_zeroinit                 0x080027d8   Section       14  handlers.o(i.__scatterload_zeroinit)
    i._fp_digits                             0x080027e8   Section        0  printfa.o(i._fp_digits)
    _fp_digits                               0x080027e9   Thumb Code   366  printfa.o(i._fp_digits)
    i._printf_core                           0x0800296c   Section        0  printfa.o(i._printf_core)
    _printf_core                             0x0800296d   Thumb Code  1744  printfa.o(i._printf_core)
    i._printf_post_padding                   0x08003048   Section        0  printfa.o(i._printf_post_padding)
    _printf_post_padding                     0x08003049   Thumb Code    36  printfa.o(i._printf_post_padding)
    i._printf_pre_padding                    0x0800306c   Section        0  printfa.o(i._printf_pre_padding)
    _printf_pre_padding                      0x0800306d   Thumb Code    46  printfa.o(i._printf_pre_padding)
    i._sputc                                 0x0800309a   Section        0  printfa.o(i._sputc)
    _sputc                                   0x0800309b   Thumb Code    10  printfa.o(i._sputc)
    i.fputc                                  0x080030a4   Section        0  usart.o(i.fputc)
    i.get_light                              0x080030c0   Section        0  ldh_driver_light.o(i.get_light)
    i.ldh_DHT11_Read                         0x080030fc   Section        0  ldh_driver_dht11.o(i.ldh_DHT11_Read)
    i.ldh_delay_ms                           0x08003238   Section        0  ldh_delay.o(i.ldh_delay_ms)
    i.ldh_delay_us                           0x08003250   Section        0  ldh_delay.o(i.ldh_delay_us)
    i.main                                   0x08003288   Section        0  main.o(i.main)
    i.makeFreeRtosPriority                   0x080032ae   Section        0  cmsis_os.o(i.makeFreeRtosPriority)
    makeFreeRtosPriority                     0x080032af   Thumb Code    12  cmsis_os.o(i.makeFreeRtosPriority)
    i.osDelay                                0x080032ba   Section        0  cmsis_os.o(i.osDelay)
    i.osKernelStart                          0x080032c8   Section        0  cmsis_os.o(i.osKernelStart)
    i.osThreadCreate                         0x080032d2   Section        0  cmsis_os.o(i.osThreadCreate)
    i.prvAddCurrentTaskToDelayedList         0x08003328   Section        0  tasks.o(i.prvAddCurrentTaskToDelayedList)
    prvAddCurrentTaskToDelayedList           0x08003329   Thumb Code   102  tasks.o(i.prvAddCurrentTaskToDelayedList)
    i.prvAddNewTaskToReadyList               0x08003398   Section        0  tasks.o(i.prvAddNewTaskToReadyList)
    prvAddNewTaskToReadyList                 0x08003399   Thumb Code   194  tasks.o(i.prvAddNewTaskToReadyList)
    i.prvDeleteTCB                           0x08003468   Section        0  tasks.o(i.prvDeleteTCB)
    prvDeleteTCB                             0x08003469   Thumb Code    52  tasks.o(i.prvDeleteTCB)
    i.prvHeapInit                            0x0800349c   Section        0  heap_4.o(i.prvHeapInit)
    prvHeapInit                              0x0800349d   Thumb Code    66  heap_4.o(i.prvHeapInit)
    i.prvIdleTask                            0x080034e8   Section        0  tasks.o(i.prvIdleTask)
    prvIdleTask                              0x080034e9   Thumb Code    82  tasks.o(i.prvIdleTask)
    i.prvInitialiseNewTask                   0x08003548   Section        0  tasks.o(i.prvInitialiseNewTask)
    prvInitialiseNewTask                     0x08003549   Thumb Code   152  tasks.o(i.prvInitialiseNewTask)
    i.prvInsertBlockIntoFreeList             0x080035e0   Section        0  heap_4.o(i.prvInsertBlockIntoFreeList)
    prvInsertBlockIntoFreeList               0x080035e1   Thumb Code    72  heap_4.o(i.prvInsertBlockIntoFreeList)
    i.prvResetNextTaskUnblockTime            0x0800362c   Section        0  tasks.o(i.prvResetNextTaskUnblockTime)
    prvResetNextTaskUnblockTime              0x0800362d   Thumb Code    26  tasks.o(i.prvResetNextTaskUnblockTime)
    i.prvTaskExitError                       0x0800364c   Section        0  port.o(i.prvTaskExitError)
    prvTaskExitError                         0x0800364d   Thumb Code    36  port.o(i.prvTaskExitError)
    i.pvPortMalloc                           0x08003674   Section        0  heap_4.o(i.pvPortMalloc)
    i.pxPortInitialiseStack                  0x08003750   Section        0  port.o(i.pxPortInitialiseStack)
    i.uxListRemove                           0x0800377c   Section        0  list.o(i.uxListRemove)
    i.vApplicationGetIdleTaskMemory          0x080037a4   Section        0  freertos.o(i.vApplicationGetIdleTaskMemory)
    i.vListInitialise                        0x080037b8   Section        0  list.o(i.vListInitialise)
    i.vListInitialiseItem                    0x080037ce   Section        0  list.o(i.vListInitialiseItem)
    i.vListInsert                            0x080037d4   Section        0  list.o(i.vListInsert)
    i.vListInsertEnd                         0x08003804   Section        0  list.o(i.vListInsertEnd)
    i.vPortEnterCritical                     0x0800381c   Section        0  port.o(i.vPortEnterCritical)
    i.vPortExitCritical                      0x0800385c   Section        0  port.o(i.vPortExitCritical)
    i.vPortFree                              0x08003884   Section        0  heap_4.o(i.vPortFree)
    i.vPortSetupTimerInterrupt               0x080038e8   Section        0  port.o(i.vPortSetupTimerInterrupt)
    i.vTaskDelay                             0x0800390c   Section        0  tasks.o(i.vTaskDelay)
    i.vTaskStartScheduler                    0x08003958   Section        0  tasks.o(i.vTaskStartScheduler)
    i.vTaskSuspendAll                        0x080039c4   Section        0  tasks.o(i.vTaskSuspendAll)
    i.vTaskSwitchContext                     0x080039d4   Section        0  tasks.o(i.vTaskSwitchContext)
    i.wifi_sendMessage                       0x08003a30   Section        0  ldh_driver_esp01s.o(i.wifi_sendMessage)
    i.xPortStartScheduler                    0x08003a50   Section        0  port.o(i.xPortStartScheduler)
    i.xPortSysTickHandler                    0x08003b44   Section        0  port.o(i.xPortSysTickHandler)
    i.xTaskCreate                            0x08003b70   Section        0  tasks.o(i.xTaskCreate)
    i.xTaskCreateStatic                      0x08003bca   Section        0  tasks.o(i.xTaskCreateStatic)
    i.xTaskGetSchedulerState                 0x08003c20   Section        0  tasks.o(i.xTaskGetSchedulerState)
    i.xTaskIncrementTick                     0x08003c3c   Section        0  tasks.o(i.xTaskIncrementTick)
    i.xTaskResumeAll                         0x08003d08   Section        0  tasks.o(i.xTaskResumeAll)
    .constdata                               0x08003dcc   Section      140  freertos.o(.constdata)
    .constdata                               0x08003e58   Section       16  system_stm32f4xx.o(.constdata)
    .constdata                               0x08003e68   Section        8  system_stm32f4xx.o(.constdata)
    .conststring                             0x08003e70   Section       57  freertos.o(.conststring)
    .data                                    0x20000000   Section        4  gpio.o(.data)
    .data                                    0x20000004   Section       20  freertos.o(.data)
    .data                                    0x20000018   Section       12  stm32f4xx_hal.o(.data)
    .data                                    0x20000024   Section        4  system_stm32f4xx.o(.data)
    .data                                    0x20000028   Section       60  tasks.o(.data)
    uxDeletedTasksWaitingCleanUp             0x2000002c   Data           4  tasks.o(.data)
    uxCurrentNumberOfTasks                   0x20000030   Data           4  tasks.o(.data)
    xTickCount                               0x20000034   Data           4  tasks.o(.data)
    uxTopReadyPriority                       0x20000038   Data           4  tasks.o(.data)
    xSchedulerRunning                        0x2000003c   Data           4  tasks.o(.data)
    xPendedTicks                             0x20000040   Data           4  tasks.o(.data)
    xYieldPending                            0x20000044   Data           4  tasks.o(.data)
    xNumOfOverflows                          0x20000048   Data           4  tasks.o(.data)
    uxTaskNumber                             0x2000004c   Data           4  tasks.o(.data)
    xNextTaskUnblockTime                     0x20000050   Data           4  tasks.o(.data)
    xIdleTaskHandle                          0x20000054   Data           4  tasks.o(.data)
    uxSchedulerSuspended                     0x20000058   Data           4  tasks.o(.data)
    pxDelayedTaskList                        0x2000005c   Data           4  tasks.o(.data)
    pxOverflowDelayedTaskList                0x20000060   Data           4  tasks.o(.data)
    .data                                    0x20000064   Section       32  heap_4.o(.data)
    pxEnd                                    0x20000064   Data           4  heap_4.o(.data)
    xFreeBytesRemaining                      0x20000068   Data           4  heap_4.o(.data)
    xMinimumEverFreeBytesRemaining           0x2000006c   Data           4  heap_4.o(.data)
    xNumberOfSuccessfulAllocations           0x20000070   Data           4  heap_4.o(.data)
    xNumberOfSuccessfulFrees                 0x20000074   Data           4  heap_4.o(.data)
    xBlockAllocatedBit                       0x20000078   Data           4  heap_4.o(.data)
    xStart                                   0x2000007c   Data           8  heap_4.o(.data)
    .data                                    0x20000084   Section       12  port.o(.data)
    ucMaxSysCallPriority                     0x20000084   Data           1  port.o(.data)
    uxCriticalNesting                        0x20000088   Data           4  port.o(.data)
    ulMaxPRIGROUPValue                       0x2000008c   Data           4  port.o(.data)
    .data                                    0x20000090   Section        4  ldh_driver_dht11.o(.data)
    .data                                    0x20000094   Section        4  ldh_driver_dht11.o(.data)
    .data                                    0x20000098   Section        4  ldh_driver_dht11.o(.data)
    init_key                                 0x20000098   Data           4  ldh_driver_dht11.o(.data)
    .data                                    0x2000009c   Section       42  ldh_driver_esp01s.o(.data)
    .data                                    0x200000c8   Section        4  ldh_driver_light.o(.data)
    .data                                    0x200000cc   Section        4  ldh_driver_sr04.o(.data)
    .data                                    0x200000d0   Section        4  stdout.o(.data)
    .bss                                     0x200000d4   Section      596  freertos.o(.bss)
    xIdleTaskTCBBuffer                       0x200000d4   Data          84  freertos.o(.bss)
    xIdleStack                               0x20000128   Data         512  freertos.o(.bss)
    .bss                                     0x20000328   Section       72  adc.o(.bss)
    .bss                                     0x20000370   Section       72  tim.o(.bss)
    .bss                                     0x200003b8   Section      136  usart.o(.bss)
    .bss                                     0x20000440   Section      240  tasks.o(.bss)
    pxReadyTasksLists                        0x20000440   Data         140  tasks.o(.bss)
    xDelayedTaskList1                        0x200004cc   Data          20  tasks.o(.bss)
    xDelayedTaskList2                        0x200004e0   Data          20  tasks.o(.bss)
    xPendingReadyList                        0x200004f4   Data          20  tasks.o(.bss)
    xTasksWaitingTermination                 0x20000508   Data          20  tasks.o(.bss)
    xSuspendedTaskList                       0x2000051c   Data          20  tasks.o(.bss)
    .bss                                     0x20000530   Section    15360  heap_4.o(.bss)
    ucHeap                                   0x20000530   Data       15360  heap_4.o(.bss)
    .bss                                     0x20004130   Section     1224  ldh_driver_esp01s.o(.bss)
    .bss                                     0x200045f8   Section      256  ldh_driver_esp01s.o(.bss)
    STACK                                    0x200046f8   Section     1024  startup_stm32f407xx.o(STACK)

    Global Symbols

    Symbol Name                              Value     Ov Type        Size  Object(Section)

    BuildAttributes$$THM_ISAv4$E$P$D$K$B$S$7EM$VFPi3$EXTD16$VFPS$VFMA$PE$A:L22UL41UL21$X:L11$S22US41US21$IEEE1$IW$USESV6$~STKCKD$USESV7$~SHL$OSPACE$ROPI$EBA8$MICROLIB$REQ8$PRES8$EABIv2 0x00000000   Number         0  anon$$obj.o ABSOLUTE
    __ARM_use_no_argv                        0x00000000   Number         0  main.o ABSOLUTE
    _printf_a                                0x00000000   Number         0  stubs.o ABSOLUTE
    _printf_c                                0x00000000   Number         0  stubs.o ABSOLUTE
    _printf_charcount                        0x00000000   Number         0  stubs.o ABSOLUTE
    _printf_d                                0x00000000   Number         0  stubs.o ABSOLUTE
    _printf_e                                0x00000000   Number         0  stubs.o ABSOLUTE
    _printf_f                                0x00000000   Number         0  stubs.o ABSOLUTE
    _printf_flags                            0x00000000   Number         0  stubs.o ABSOLUTE
    _printf_fp_dec                           0x00000000   Number         0  stubs.o ABSOLUTE
    _printf_fp_hex                           0x00000000   Number         0  stubs.o ABSOLUTE
    _printf_g                                0x00000000   Number         0  stubs.o ABSOLUTE
    _printf_i                                0x00000000   Number         0  stubs.o ABSOLUTE
    _printf_int_dec                          0x00000000   Number         0  stubs.o ABSOLUTE
    _printf_l                                0x00000000   Number         0  stubs.o ABSOLUTE
    _printf_lc                               0x00000000   Number         0  stubs.o ABSOLUTE
    _printf_ll                               0x00000000   Number         0  stubs.o ABSOLUTE
    _printf_lld                              0x00000000   Number         0  stubs.o ABSOLUTE
    _printf_lli                              0x00000000   Number         0  stubs.o ABSOLUTE
    _printf_llo                              0x00000000   Number         0  stubs.o ABSOLUTE
    _printf_llu                              0x00000000   Number         0  stubs.o ABSOLUTE
    _printf_llx                              0x00000000   Number         0  stubs.o ABSOLUTE
    _printf_longlong_dec                     0x00000000   Number         0  stubs.o ABSOLUTE
    _printf_longlong_hex                     0x00000000   Number         0  stubs.o ABSOLUTE
    _printf_longlong_oct                     0x00000000   Number         0  stubs.o ABSOLUTE
    _printf_ls                               0x00000000   Number         0  stubs.o ABSOLUTE
    _printf_mbtowc                           0x00000000   Number         0  stubs.o ABSOLUTE
    _printf_n                                0x00000000   Number         0  stubs.o ABSOLUTE
    _printf_o                                0x00000000   Number         0  stubs.o ABSOLUTE
    _printf_p                                0x00000000   Number         0  stubs.o ABSOLUTE
    _printf_percent                          0x00000000   Number         0  stubs.o ABSOLUTE
    _printf_pre_padding                      0x00000000   Number         0  stubs.o ABSOLUTE
    _printf_return_value                     0x00000000   Number         0  stubs.o ABSOLUTE
    _printf_s                                0x00000000   Number         0  stubs.o ABSOLUTE
    _printf_sizespec                         0x00000000   Number         0  stubs.o ABSOLUTE
    _printf_str                              0x00000000   Number         0  stubs.o ABSOLUTE
    _printf_truncate_signed                  0x00000000   Number         0  stubs.o ABSOLUTE
    _printf_truncate_unsigned                0x00000000   Number         0  stubs.o ABSOLUTE
    _printf_u                                0x00000000   Number         0  stubs.o ABSOLUTE
    _printf_wc                               0x00000000   Number         0  stubs.o ABSOLUTE
    _printf_wctomb                           0x00000000   Number         0  stubs.o ABSOLUTE
    _printf_widthprec                        0x00000000   Number         0  stubs.o ABSOLUTE
    _printf_x                                0x00000000   Number         0  stubs.o ABSOLUTE
    __cpp_initialize__aeabi_                  - Undefined Weak Reference
    __cxa_finalize                            - Undefined Weak Reference
    __decompress                              - Undefined Weak Reference
    _clock_init                               - Undefined Weak Reference
    _microlib_exit                            - Undefined Weak Reference
    __Vectors_Size                           0x00000188   Number         0  startup_stm32f407xx.o ABSOLUTE
    __Vectors                                0x08000000   Data           4  startup_stm32f407xx.o(RESET)
    __Vectors_End                            0x08000188   Data           0  startup_stm32f407xx.o(RESET)
    __main                                   0x08000189   Thumb Code     0  entry.o(.ARM.Collect$$$$00000000)
    _main_stk                                0x08000189   Thumb Code     0  entry2.o(.ARM.Collect$$$$00000001)
    _main_scatterload                        0x0800018d   Thumb Code     0  entry5.o(.ARM.Collect$$$$00000004)
    __main_after_scatterload                 0x08000191   Thumb Code     0  entry5.o(.ARM.Collect$$$$00000004)
    _main_clock                              0x08000191   Thumb Code     0  entry7b.o(.ARM.Collect$$$$00000008)
    _main_cpp_init                           0x08000191   Thumb Code     0  entry8b.o(.ARM.Collect$$$$0000000A)
    _main_init                               0x08000191   Thumb Code     0  entry9a.o(.ARM.Collect$$$$0000000B)
    __rt_final_cpp                           0x08000199   Thumb Code     0  entry10a.o(.ARM.Collect$$$$0000000D)
    __rt_final_exit                          0x08000199   Thumb Code     0  entry11a.o(.ARM.Collect$$$$0000000F)
    SVC_Handler                              0x0800019d   Thumb Code    28  port.o(.emb_text)
    __asm___6_port_c_39a90d8d__prvStartFirstTask 0x080001bd   Thumb Code    36  port.o(.emb_text)
    __asm___6_port_c_39a90d8d__prvEnableVFP  0x080001e5   Thumb Code    16  port.o(.emb_text)
    PendSV_Handler                           0x080001f9   Thumb Code    88  port.o(.emb_text)
    vPortGetIPSR                             0x08000255   Thumb Code     6  port.o(.emb_text)
    Reset_Handler                            0x0800025d   Thumb Code     8  startup_stm32f407xx.o(.text)
    ADC_IRQHandler                           0x08000277   Thumb Code     0  startup_stm32f407xx.o(.text)
    CAN1_RX0_IRQHandler                      0x08000277   Thumb Code     0  startup_stm32f407xx.o(.text)
    CAN1_RX1_IRQHandler                      0x08000277   Thumb Code     0  startup_stm32f407xx.o(.text)
    CAN1_SCE_IRQHandler                      0x08000277   Thumb Code     0  startup_stm32f407xx.o(.text)
    CAN1_TX_IRQHandler                       0x08000277   Thumb Code     0  startup_stm32f407xx.o(.text)
    CAN2_RX0_IRQHandler                      0x08000277   Thumb Code     0  startup_stm32f407xx.o(.text)
    CAN2_RX1_IRQHandler                      0x08000277   Thumb Code     0  startup_stm32f407xx.o(.text)
    CAN2_SCE_IRQHandler                      0x08000277   Thumb Code     0  startup_stm32f407xx.o(.text)
    CAN2_TX_IRQHandler                       0x08000277   Thumb Code     0  startup_stm32f407xx.o(.text)
    DCMI_IRQHandler                          0x08000277   Thumb Code     0  startup_stm32f407xx.o(.text)
    DMA1_Stream0_IRQHandler                  0x08000277   Thumb Code     0  startup_stm32f407xx.o(.text)
    DMA1_Stream1_IRQHandler                  0x08000277   Thumb Code     0  startup_stm32f407xx.o(.text)
    DMA1_Stream2_IRQHandler                  0x08000277   Thumb Code     0  startup_stm32f407xx.o(.text)
    DMA1_Stream3_IRQHandler                  0x08000277   Thumb Code     0  startup_stm32f407xx.o(.text)
    DMA1_Stream4_IRQHandler                  0x08000277   Thumb Code     0  startup_stm32f407xx.o(.text)
    DMA1_Stream5_IRQHandler                  0x08000277   Thumb Code     0  startup_stm32f407xx.o(.text)
    DMA1_Stream6_IRQHandler                  0x08000277   Thumb Code     0  startup_stm32f407xx.o(.text)
    DMA1_Stream7_IRQHandler                  0x08000277   Thumb Code     0  startup_stm32f407xx.o(.text)
    DMA2_Stream0_IRQHandler                  0x08000277   Thumb Code     0  startup_stm32f407xx.o(.text)
    DMA2_Stream1_IRQHandler                  0x08000277   Thumb Code     0  startup_stm32f407xx.o(.text)
    DMA2_Stream2_IRQHandler                  0x08000277   Thumb Code     0  startup_stm32f407xx.o(.text)
    DMA2_Stream3_IRQHandler                  0x08000277   Thumb Code     0  startup_stm32f407xx.o(.text)
    DMA2_Stream4_IRQHandler                  0x08000277   Thumb Code     0  startup_stm32f407xx.o(.text)
    DMA2_Stream5_IRQHandler                  0x08000277   Thumb Code     0  startup_stm32f407xx.o(.text)
    DMA2_Stream6_IRQHandler                  0x08000277   Thumb Code     0  startup_stm32f407xx.o(.text)
    DMA2_Stream7_IRQHandler                  0x08000277   Thumb Code     0  startup_stm32f407xx.o(.text)
    ETH_IRQHandler                           0x08000277   Thumb Code     0  startup_stm32f407xx.o(.text)
    ETH_WKUP_IRQHandler                      0x08000277   Thumb Code     0  startup_stm32f407xx.o(.text)
    EXTI0_IRQHandler                         0x08000277   Thumb Code     0  startup_stm32f407xx.o(.text)
    EXTI15_10_IRQHandler                     0x08000277   Thumb Code     0  startup_stm32f407xx.o(.text)
    EXTI1_IRQHandler                         0x08000277   Thumb Code     0  startup_stm32f407xx.o(.text)
    EXTI2_IRQHandler                         0x08000277   Thumb Code     0  startup_stm32f407xx.o(.text)
    EXTI3_IRQHandler                         0x08000277   Thumb Code     0  startup_stm32f407xx.o(.text)
    EXTI4_IRQHandler                         0x08000277   Thumb Code     0  startup_stm32f407xx.o(.text)
    FLASH_IRQHandler                         0x08000277   Thumb Code     0  startup_stm32f407xx.o(.text)
    FMC_IRQHandler                           0x08000277   Thumb Code     0  startup_stm32f407xx.o(.text)
    FPU_IRQHandler                           0x08000277   Thumb Code     0  startup_stm32f407xx.o(.text)
    HASH_RNG_IRQHandler                      0x08000277   Thumb Code     0  startup_stm32f407xx.o(.text)
    I2C1_ER_IRQHandler                       0x08000277   Thumb Code     0  startup_stm32f407xx.o(.text)
    I2C1_EV_IRQHandler                       0x08000277   Thumb Code     0  startup_stm32f407xx.o(.text)
    I2C2_ER_IRQHandler                       0x08000277   Thumb Code     0  startup_stm32f407xx.o(.text)
    I2C2_EV_IRQHandler                       0x08000277   Thumb Code     0  startup_stm32f407xx.o(.text)
    I2C3_ER_IRQHandler                       0x08000277   Thumb Code     0  startup_stm32f407xx.o(.text)
    I2C3_EV_IRQHandler                       0x08000277   Thumb Code     0  startup_stm32f407xx.o(.text)
    OTG_FS_IRQHandler                        0x08000277   Thumb Code     0  startup_stm32f407xx.o(.text)
    OTG_FS_WKUP_IRQHandler                   0x08000277   Thumb Code     0  startup_stm32f407xx.o(.text)
    OTG_HS_EP1_IN_IRQHandler                 0x08000277   Thumb Code     0  startup_stm32f407xx.o(.text)
    OTG_HS_EP1_OUT_IRQHandler                0x08000277   Thumb Code     0  startup_stm32f407xx.o(.text)
    OTG_HS_IRQHandler                        0x08000277   Thumb Code     0  startup_stm32f407xx.o(.text)
    OTG_HS_WKUP_IRQHandler                   0x08000277   Thumb Code     0  startup_stm32f407xx.o(.text)
    PVD_IRQHandler                           0x08000277   Thumb Code     0  startup_stm32f407xx.o(.text)
    RCC_IRQHandler                           0x08000277   Thumb Code     0  startup_stm32f407xx.o(.text)
    RTC_Alarm_IRQHandler                     0x08000277   Thumb Code     0  startup_stm32f407xx.o(.text)
    RTC_WKUP_IRQHandler                      0x08000277   Thumb Code     0  startup_stm32f407xx.o(.text)
    SDIO_IRQHandler                          0x08000277   Thumb Code     0  startup_stm32f407xx.o(.text)
    SPI1_IRQHandler                          0x08000277   Thumb Code     0  startup_stm32f407xx.o(.text)
    SPI2_IRQHandler                          0x08000277   Thumb Code     0  startup_stm32f407xx.o(.text)
    SPI3_IRQHandler                          0x08000277   Thumb Code     0  startup_stm32f407xx.o(.text)
    TAMP_STAMP_IRQHandler                    0x08000277   Thumb Code     0  startup_stm32f407xx.o(.text)
    TIM1_BRK_TIM9_IRQHandler                 0x08000277   Thumb Code     0  startup_stm32f407xx.o(.text)
    TIM1_CC_IRQHandler                       0x08000277   Thumb Code     0  startup_stm32f407xx.o(.text)
    TIM1_TRG_COM_TIM11_IRQHandler            0x08000277   Thumb Code     0  startup_stm32f407xx.o(.text)
    TIM1_UP_TIM10_IRQHandler                 0x08000277   Thumb Code     0  startup_stm32f407xx.o(.text)
    TIM2_IRQHandler                          0x08000277   Thumb Code     0  startup_stm32f407xx.o(.text)
    TIM3_IRQHandler                          0x08000277   Thumb Code     0  startup_stm32f407xx.o(.text)
    TIM4_IRQHandler                          0x08000277   Thumb Code     0  startup_stm32f407xx.o(.text)
    TIM5_IRQHandler                          0x08000277   Thumb Code     0  startup_stm32f407xx.o(.text)
    TIM6_DAC_IRQHandler                      0x08000277   Thumb Code     0  startup_stm32f407xx.o(.text)
    TIM7_IRQHandler                          0x08000277   Thumb Code     0  startup_stm32f407xx.o(.text)
    TIM8_BRK_TIM12_IRQHandler                0x08000277   Thumb Code     0  startup_stm32f407xx.o(.text)
    TIM8_CC_IRQHandler                       0x08000277   Thumb Code     0  startup_stm32f407xx.o(.text)
    TIM8_TRG_COM_TIM14_IRQHandler            0x08000277   Thumb Code     0  startup_stm32f407xx.o(.text)
    TIM8_UP_TIM13_IRQHandler                 0x08000277   Thumb Code     0  startup_stm32f407xx.o(.text)
    UART5_IRQHandler                         0x08000277   Thumb Code     0  startup_stm32f407xx.o(.text)
    USART1_IRQHandler                        0x08000277   Thumb Code     0  startup_stm32f407xx.o(.text)
    USART2_IRQHandler                        0x08000277   Thumb Code     0  startup_stm32f407xx.o(.text)
    USART3_IRQHandler                        0x08000277   Thumb Code     0  startup_stm32f407xx.o(.text)
    USART6_IRQHandler                        0x08000277   Thumb Code     0  startup_stm32f407xx.o(.text)
    WWDG_IRQHandler                          0x08000277   Thumb Code     0  startup_stm32f407xx.o(.text)
    __aeabi_uldivmod                         0x08000281   Thumb Code    98  uldiv.o(.text)
    __aeabi_memcpy                           0x080002e3   Thumb Code    36  memcpya.o(.text)
    __aeabi_memcpy4                          0x080002e3   Thumb Code     0  memcpya.o(.text)
    __aeabi_memcpy8                          0x080002e3   Thumb Code     0  memcpya.o(.text)
    __aeabi_memset                           0x08000307   Thumb Code    14  memseta.o(.text)
    __aeabi_memset4                          0x08000307   Thumb Code     0  memseta.o(.text)
    __aeabi_memset8                          0x08000307   Thumb Code     0  memseta.o(.text)
    __aeabi_memclr                           0x08000315   Thumb Code     4  memseta.o(.text)
    __aeabi_memclr4                          0x08000315   Thumb Code     0  memseta.o(.text)
    __aeabi_memclr8                          0x08000315   Thumb Code     0  memseta.o(.text)
    memset                                   0x08000319   Thumb Code    18  memseta.o(.text)
    strlen                                   0x0800032b   Thumb Code    14  strlen.o(.text)
    __aeabi_f2d                              0x08000339   Thumb Code    38  f2d.o(.text)
    __aeabi_uidiv                            0x0800035f   Thumb Code     0  uidiv.o(.text)
    __aeabi_uidivmod                         0x0800035f   Thumb Code    44  uidiv.o(.text)
    __aeabi_llsl                             0x0800038b   Thumb Code    30  llshl.o(.text)
    _ll_shift_l                              0x0800038b   Thumb Code     0  llshl.o(.text)
    __aeabi_llsr                             0x080003a9   Thumb Code    32  llushr.o(.text)
    _ll_ushift_r                             0x080003a9   Thumb Code     0  llushr.o(.text)
    __I$use$fp                               0x080003c9   Thumb Code     0  iusefp.o(.text)
    __aeabi_dadd                             0x080003c9   Thumb Code   322  dadd.o(.text)
    __aeabi_dsub                             0x0800050b   Thumb Code     6  dadd.o(.text)
    __aeabi_drsub                            0x08000511   Thumb Code     6  dadd.o(.text)
    __aeabi_dmul                             0x08000517   Thumb Code   228  dmul.o(.text)
    __aeabi_ddiv                             0x080005fb   Thumb Code   222  ddiv.o(.text)
    __aeabi_d2ulz                            0x080006d9   Thumb Code    48  dfixul.o(.text)
    __aeabi_cdrcmple                         0x08000709   Thumb Code    48  cdrcmple.o(.text)
    __scatterload                            0x08000739   Thumb Code    28  init.o(.text)
    __scatterload_rt2                        0x08000739   Thumb Code     0  init.o(.text)
    __aeabi_lasr                             0x0800075d   Thumb Code    36  llsshr.o(.text)
    _ll_sshift_r                             0x0800075d   Thumb Code     0  llsshr.o(.text)
    _double_round                            0x08000781   Thumb Code    30  depilogue.o(.text)
    _double_epilogue                         0x0800079f   Thumb Code   156  depilogue.o(.text)
    BusFault_Handler                         0x08000965   Thumb Code     2  stm32f4xx_it.o(i.BusFault_Handler)
    DHT11_Init                               0x08000969   Thumb Code    38  ldh_driver_dht11.o(i.DHT11_Init)
    DebugMon_Handler                         0x08000a39   Thumb Code     2  stm32f4xx_it.o(i.DebugMon_Handler)
    EXTI9_5_IRQHandler                       0x08000a3b   Thumb Code    34  stm32f4xx_it.o(i.EXTI9_5_IRQHandler)
    Error_Handler                            0x08000a5d   Thumb Code     4  main.o(i.Error_Handler)
    HAL_ADC_ConfigChannel                    0x08000a61   Thumb Code   316  stm32f4xx_hal_adc.o(i.HAL_ADC_ConfigChannel)
    HAL_ADC_GetState                         0x08000bad   Thumb Code     4  stm32f4xx_hal_adc.o(i.HAL_ADC_GetState)
    HAL_ADC_GetValue                         0x08000bb1   Thumb Code     6  stm32f4xx_hal_adc.o(i.HAL_ADC_GetValue)
    HAL_ADC_Init                             0x08000bb7   Thumb Code    84  stm32f4xx_hal_adc.o(i.HAL_ADC_Init)
    HAL_ADC_MspInit                          0x08000c0d   Thumb Code    84  adc.o(i.HAL_ADC_MspInit)
    HAL_ADC_PollForConversion                0x08000c6d   Thumb Code   170  stm32f4xx_hal_adc.o(i.HAL_ADC_PollForConversion)
    HAL_ADC_Start                            0x08000d19   Thumb Code   228  stm32f4xx_hal_adc.o(i.HAL_ADC_Start)
    HAL_DMA_Abort                            0x08000e15   Thumb Code   146  stm32f4xx_hal_dma.o(i.HAL_DMA_Abort)
    HAL_DMA_Abort_IT                         0x08000ea7   Thumb Code    36  stm32f4xx_hal_dma.o(i.HAL_DMA_Abort_IT)
    HAL_GPIO_EXTI_Callback                   0x08000ecd   Thumb Code    40  gpio.o(i.HAL_GPIO_EXTI_Callback)
    HAL_GPIO_EXTI_IRQHandler                 0x08000ef9   Thumb Code    18  stm32f4xx_hal_gpio.o(i.HAL_GPIO_EXTI_IRQHandler)
    HAL_GPIO_Init                            0x08000f11   Thumb Code   450  stm32f4xx_hal_gpio.o(i.HAL_GPIO_Init)
    HAL_GPIO_ReadPin                         0x08001101   Thumb Code    10  stm32f4xx_hal_gpio.o(i.HAL_GPIO_ReadPin)
    HAL_GPIO_WritePin                        0x0800110b   Thumb Code    10  stm32f4xx_hal_gpio.o(i.HAL_GPIO_WritePin)
    HAL_GetTick                              0x08001115   Thumb Code     6  stm32f4xx_hal.o(i.HAL_GetTick)
    HAL_IncTick                              0x08001121   Thumb Code    12  stm32f4xx_hal.o(i.HAL_IncTick)
    HAL_Init                                 0x08001131   Thumb Code    48  stm32f4xx_hal.o(i.HAL_Init)
    HAL_InitTick                             0x08001165   Thumb Code    54  stm32f4xx_hal.o(i.HAL_InitTick)
    HAL_MspInit                              0x080011a5   Thumb Code    52  stm32f4xx_hal_msp.o(i.HAL_MspInit)
    HAL_NVIC_EnableIRQ                       0x080011dd   Thumb Code    26  stm32f4xx_hal_cortex.o(i.HAL_NVIC_EnableIRQ)
    HAL_NVIC_SetPriority                     0x080011f9   Thumb Code    60  stm32f4xx_hal_cortex.o(i.HAL_NVIC_SetPriority)
    HAL_NVIC_SetPriorityGrouping             0x08001239   Thumb Code    26  stm32f4xx_hal_cortex.o(i.HAL_NVIC_SetPriorityGrouping)
    HAL_RCC_ClockConfig                      0x0800125d   Thumb Code   288  stm32f4xx_hal_rcc.o(i.HAL_RCC_ClockConfig)
    HAL_RCC_GetPCLK1Freq                     0x08001391   Thumb Code    20  stm32f4xx_hal_rcc.o(i.HAL_RCC_GetPCLK1Freq)
    HAL_RCC_GetPCLK2Freq                     0x080013b1   Thumb Code    20  stm32f4xx_hal_rcc.o(i.HAL_RCC_GetPCLK2Freq)
    HAL_RCC_GetSysClockFreq                  0x080013d1   Thumb Code    88  stm32f4xx_hal_rcc.o(i.HAL_RCC_GetSysClockFreq)
    HAL_RCC_OscConfig                        0x08001431   Thumb Code   856  stm32f4xx_hal_rcc.o(i.HAL_RCC_OscConfig)
    HAL_SYSTICK_Config                       0x0800179d   Thumb Code    40  stm32f4xx_hal_cortex.o(i.HAL_SYSTICK_Config)
    HAL_TIMEx_MasterConfigSynchronization    0x080017c5   Thumb Code   116  stm32f4xx_hal_tim_ex.o(i.HAL_TIMEx_MasterConfigSynchronization)
    HAL_TIM_Base_Init                        0x08001855   Thumb Code    90  stm32f4xx_hal_tim.o(i.HAL_TIM_Base_Init)
    HAL_TIM_Base_MspInit                     0x080018b1   Thumb Code    30  tim.o(i.HAL_TIM_Base_MspInit)
    HAL_TIM_Base_Start                       0x080018d9   Thumb Code    90  stm32f4xx_hal_tim.o(i.HAL_TIM_Base_Start)
    HAL_TIM_Base_Stop                        0x08001951   Thumb Code    38  stm32f4xx_hal_tim.o(i.HAL_TIM_Base_Stop)
    HAL_UARTEx_RxEventCallback               0x08001977   Thumb Code     2  stm32f4xx_hal_uart.o(i.HAL_UARTEx_RxEventCallback)
    HAL_UART_ErrorCallback                   0x08001979   Thumb Code     2  stm32f4xx_hal_uart.o(i.HAL_UART_ErrorCallback)
    HAL_UART_IRQHandler                      0x0800197d   Thumb Code   610  stm32f4xx_hal_uart.o(i.HAL_UART_IRQHandler)
    HAL_UART_Init                            0x08001be5   Thumb Code    98  stm32f4xx_hal_uart.o(i.HAL_UART_Init)
    HAL_UART_MspInit                         0x08001c49   Thumb Code   172  usart.o(i.HAL_UART_MspInit)
    HAL_UART_Receive_IT                      0x08001d05   Thumb Code    42  stm32f4xx_hal_uart.o(i.HAL_UART_Receive_IT)
    HAL_UART_RxCpltCallback                  0x08001d31   Thumb Code   106  ldh_driver_esp01s.o(i.HAL_UART_RxCpltCallback)
    HAL_UART_Transmit                        0x08001db5   Thumb Code   178  stm32f4xx_hal_uart.o(i.HAL_UART_Transmit)
    HAL_UART_TxCpltCallback                  0x08001e67   Thumb Code     2  stm32f4xx_hal_uart.o(i.HAL_UART_TxCpltCallback)
    HardFault_Handler                        0x08001e69   Thumb Code     2  stm32f4xx_it.o(i.HardFault_Handler)
    MX_ADC1_Init                             0x08001e6d   Thumb Code    84  adc.o(i.MX_ADC1_Init)
    MX_FREERTOS_Init                         0x08001ecd   Thumb Code   118  freertos.o(i.MX_FREERTOS_Init)
    MX_GPIO_Init                             0x08001f4d   Thumb Code   250  gpio.o(i.MX_GPIO_Init)
    MX_TIM6_Init                             0x08002059   Thumb Code    58  tim.o(i.MX_TIM6_Init)
    MX_UART4_Init                            0x0800209d   Thumb Code    48  usart.o(i.MX_UART4_Init)
    MX_USART1_UART_Init                      0x080020d5   Thumb Code    48  usart.o(i.MX_USART1_UART_Init)
    MemManage_Handler                        0x0800210d   Thumb Code     2  stm32f4xx_it.o(i.MemManage_Handler)
    NMI_Handler                              0x0800210f   Thumb Code     2  stm32f4xx_it.o(i.NMI_Handler)
    StartTask01                              0x08002111   Thumb Code    24  freertos.o(i.StartTask01)
    StartTask02                              0x08002131   Thumb Code   148  freertos.o(i.StartTask02)
    StartTask03                              0x08002249   Thumb Code    18  freertos.o(i.StartTask03)
    StartTask04                              0x08002261   Thumb Code    12  freertos.o(i.StartTask04)
    StartTask05                              0x0800226d   Thumb Code    96  freertos.o(i.StartTask05)
    SysTick_Handler                          0x080022f5   Thumb Code    24  stm32f4xx_it.o(i.SysTick_Handler)
    SystemClock_Config                       0x0800230d   Thumb Code   136  main.o(i.SystemClock_Config)
    SystemInit                               0x0800239d   Thumb Code    12  system_stm32f4xx.o(i.SystemInit)
    TIM_Base_SetConfig                       0x080023ad   Thumb Code   156  stm32f4xx_hal_tim.o(i.TIM_Base_SetConfig)
    UART4_IRQHandler                         0x08002475   Thumb Code     6  stm32f4xx_it.o(i.UART4_IRQHandler)
    UART_Start_Receive_IT                    0x080026ad   Thumb Code    58  stm32f4xx_hal_uart.o(i.UART_Start_Receive_IT)
    UsageFault_Handler                       0x0800275f   Thumb Code     2  stm32f4xx_it.o(i.UsageFault_Handler)
    __0printf                                0x08002761   Thumb Code    22  printfa.o(i.__0printf)
    __1printf                                0x08002761   Thumb Code     0  printfa.o(i.__0printf)
    __2printf                                0x08002761   Thumb Code     0  printfa.o(i.__0printf)
    __c89printf                              0x08002761   Thumb Code     0  printfa.o(i.__0printf)
    printf                                   0x08002761   Thumb Code     0  printfa.o(i.__0printf)
    __0sprintf                               0x08002781   Thumb Code    34  printfa.o(i.__0sprintf)
    __1sprintf                               0x08002781   Thumb Code     0  printfa.o(i.__0sprintf)
    __2sprintf                               0x08002781   Thumb Code     0  printfa.o(i.__0sprintf)
    __c89sprintf                             0x08002781   Thumb Code     0  printfa.o(i.__0sprintf)
    sprintf                                  0x08002781   Thumb Code     0  printfa.o(i.__0sprintf)
    __scatterload_copy                       0x080027c9   Thumb Code    14  handlers.o(i.__scatterload_copy)
    __scatterload_null                       0x080027d7   Thumb Code     2  handlers.o(i.__scatterload_null)
    __scatterload_zeroinit                   0x080027d9   Thumb Code    14  handlers.o(i.__scatterload_zeroinit)
    fputc                                    0x080030a5   Thumb Code    24  usart.o(i.fputc)
    get_light                                0x080030c1   Thumb Code    54  ldh_driver_light.o(i.get_light)
    ldh_DHT11_Read                           0x080030fd   Thumb Code   248  ldh_driver_dht11.o(i.ldh_DHT11_Read)
    ldh_delay_ms                             0x08003239   Thumb Code    24  ldh_delay.o(i.ldh_delay_ms)
    ldh_delay_us                             0x08003251   Thumb Code    50  ldh_delay.o(i.ldh_delay_us)
    main                                     0x08003289   Thumb Code    38  main.o(i.main)
    osDelay                                  0x080032bb   Thumb Code    14  cmsis_os.o(i.osDelay)
    osKernelStart                            0x080032c9   Thumb Code    10  cmsis_os.o(i.osKernelStart)
    osThreadCreate                           0x080032d3   Thumb Code    84  cmsis_os.o(i.osThreadCreate)
    pvPortMalloc                             0x08003675   Thumb Code   216  heap_4.o(i.pvPortMalloc)
    pxPortInitialiseStack                    0x08003751   Thumb Code    40  port.o(i.pxPortInitialiseStack)
    uxListRemove                             0x0800377d   Thumb Code    38  list.o(i.uxListRemove)
    vApplicationGetIdleTaskMemory            0x080037a5   Thumb Code    16  freertos.o(i.vApplicationGetIdleTaskMemory)
    vListInitialise                          0x080037b9   Thumb Code    22  list.o(i.vListInitialise)
    vListInitialiseItem                      0x080037cf   Thumb Code     6  list.o(i.vListInitialiseItem)
    vListInsert                              0x080037d5   Thumb Code    48  list.o(i.vListInsert)
    vListInsertEnd                           0x08003805   Thumb Code    24  list.o(i.vListInsertEnd)
    vPortEnterCritical                       0x0800381d   Thumb Code    54  port.o(i.vPortEnterCritical)
    vPortExitCritical                        0x0800385d   Thumb Code    34  port.o(i.vPortExitCritical)
    vPortFree                                0x08003885   Thumb Code    94  heap_4.o(i.vPortFree)
    vPortSetupTimerInterrupt                 0x080038e9   Thumb Code    32  port.o(i.vPortSetupTimerInterrupt)
    vTaskDelay                               0x0800390d   Thumb Code    66  tasks.o(i.vTaskDelay)
    vTaskStartScheduler                      0x08003959   Thumb Code    90  tasks.o(i.vTaskStartScheduler)
    vTaskSuspendAll                          0x080039c5   Thumb Code    10  tasks.o(i.vTaskSuspendAll)
    vTaskSwitchContext                       0x080039d5   Thumb Code    82  tasks.o(i.vTaskSwitchContext)
    wifi_sendMessage                         0x08003a31   Thumb Code    26  ldh_driver_esp01s.o(i.wifi_sendMessage)
    xPortStartScheduler                      0x08003a51   Thumb Code   222  port.o(i.xPortStartScheduler)
    xPortSysTickHandler                      0x08003b45   Thumb Code    38  port.o(i.xPortSysTickHandler)
    xTaskCreate                              0x08003b71   Thumb Code    90  tasks.o(i.xTaskCreate)
    xTaskCreateStatic                        0x08003bcb   Thumb Code    86  tasks.o(i.xTaskCreateStatic)
    xTaskGetSchedulerState                   0x08003c21   Thumb Code    22  tasks.o(i.xTaskGetSchedulerState)
    xTaskIncrementTick                       0x08003c3d   Thumb Code   194  tasks.o(i.xTaskIncrementTick)
    xTaskResumeAll                           0x08003d09   Thumb Code   182  tasks.o(i.xTaskResumeAll)
    AHBPrescTable                            0x08003e58   Data          16  system_stm32f4xx.o(.constdata)
    APBPrescTable                            0x08003e68   Data           8  system_stm32f4xx.o(.constdata)
    Region$$Table$$Base                      0x08003eac   Number         0  anon$$obj.o(Region$$Table)
    Region$$Table$$Limit                     0x08003ecc   Number         0  anon$$obj.o(Region$$Table)
    ldh_key                                  0x20000000   Data           4  gpio.o(.data)
    myTask01Handle                           0x20000004   Data           4  freertos.o(.data)
    myTask02Handle                           0x20000008   Data           4  freertos.o(.data)
    myTask03Handle                           0x2000000c   Data           4  freertos.o(.data)
    myTask04Handle                           0x20000010   Data           4  freertos.o(.data)
    myTask05Handle                           0x20000014   Data           4  freertos.o(.data)
    uwTickFreq                               0x20000018   Data           1  stm32f4xx_hal.o(.data)
    uwTickPrio                               0x2000001c   Data           4  stm32f4xx_hal.o(.data)
    uwTick                                   0x20000020   Data           4  stm32f4xx_hal.o(.data)
    SystemCoreClock                          0x20000024   Data           4  system_stm32f4xx.o(.data)
    pxCurrentTCB                             0x20000028   Data           4  tasks.o(.data)
    ldh_temp                                 0x20000090   Data           4  ldh_driver_dht11.o(.data)
    ldh_hum                                  0x20000094   Data           4  ldh_driver_dht11.o(.data)
    rxCount                                  0x2000009c   Data           1  ldh_driver_esp01s.o(.data)
    rxwifiCount                              0x2000009d   Data           1  ldh_driver_esp01s.o(.data)
    rxBuffer                                 0x2000009e   Data           1  ldh_driver_esp01s.o(.data)
    WIFI_NAME                                0x2000009f   Data           4  ldh_driver_esp01s.o(.data)
    PORT                                     0x200000a4   Data           4  ldh_driver_esp01s.o(.data)
    step                                     0x200000a8   Data           4  ldh_driver_esp01s.o(.data)
    WIFI_MI                                  0x200000ac   Data          12  ldh_driver_esp01s.o(.data)
    IP                                       0x200000b8   Data          14  ldh_driver_esp01s.o(.data)
    ldh_light                                0x200000c8   Data           4  ldh_driver_light.o(.data)
    ldh_distance                             0x200000cc   Data           4  ldh_driver_sr04.o(.data)
    __stdout                                 0x200000d0   Data           4  stdout.o(.data)
    hadc1                                    0x20000328   Data          72  adc.o(.bss)
    htim6                                    0x20000370   Data          72  tim.o(.bss)
    huart4                                   0x200003b8   Data          68  usart.o(.bss)
    huart1                                   0x200003fc   Data          68  usart.o(.bss)
    rxBuff                                   0x20004130   Data         512  ldh_driver_esp01s.o(.bss)
    serve                                    0x20004330   Data         150  ldh_driver_esp01s.o(.bss)
    client                                   0x200043c6   Data          50  ldh_driver_esp01s.o(.bss)
    wifi_rxbf                                0x200043f8   Data         512  ldh_driver_esp01s.o(.bss)
    ldh_message                              0x200045f8   Data         256  ldh_driver_esp01s.o(.bss)
    __initial_sp                             0x20004af8   Data           0  startup_stm32f407xx.o(STACK)



==============================================================================

Memory Map of the image

  Image Entry point : 0x08000189

  Load Region LR_IROM1 (Base: 0x08000000, Size: 0x00003fa0, Max: 0x00080000, ABSOLUTE)

    Execution Region ER_IROM1 (Exec base: 0x08000000, Load base: 0x08000000, Size: 0x00003ecc, Max: 0x00080000, ABSOLUTE)

    Exec Addr    Load Addr    Size         Type   Attr      Idx    E Section Name        Object

    0x08000000   0x08000000   0x00000188   Data   RO            3    RESET               startup_stm32f407xx.o
    0x08000188   0x08000188   0x00000000   Code   RO         5054  * .ARM.Collect$$$$00000000  mc_w.l(entry.o)
    0x08000188   0x08000188   0x00000004   Code   RO         5334    .ARM.Collect$$$$00000001  mc_w.l(entry2.o)
    0x0800018c   0x0800018c   0x00000004   Code   RO         5337    .ARM.Collect$$$$00000004  mc_w.l(entry5.o)
    0x08000190   0x08000190   0x00000000   Code   RO         5339    .ARM.Collect$$$$00000008  mc_w.l(entry7b.o)
    0x08000190   0x08000190   0x00000000   Code   RO         5341    .ARM.Collect$$$$0000000A  mc_w.l(entry8b.o)
    0x08000190   0x08000190   0x00000008   Code   RO         5342    .ARM.Collect$$$$0000000B  mc_w.l(entry9a.o)
    0x08000198   0x08000198   0x00000000   Code   RO         5344    .ARM.Collect$$$$0000000D  mc_w.l(entry10a.o)
    0x08000198   0x08000198   0x00000000   Code   RO         5346    .ARM.Collect$$$$0000000F  mc_w.l(entry11a.o)
    0x08000198   0x08000198   0x00000004   Code   RO         5335    .ARM.Collect$$$$00002712  mc_w.l(entry2.o)
    0x0800019c   0x0800019c   0x000000be   Code   RO         4594    .emb_text           port.o
    0x0800025a   0x0800025a   0x00000002   PAD
    0x0800025c   0x0800025c   0x00000024   Code   RO            4    .text               startup_stm32f407xx.o
    0x08000280   0x08000280   0x00000062   Code   RO         5057    .text               mc_w.l(uldiv.o)
    0x080002e2   0x080002e2   0x00000024   Code   RO         5059    .text               mc_w.l(memcpya.o)
    0x08000306   0x08000306   0x00000024   Code   RO         5063    .text               mc_w.l(memseta.o)
    0x0800032a   0x0800032a   0x0000000e   Code   RO         5067    .text               mc_w.l(strlen.o)
    0x08000338   0x08000338   0x00000026   Code   RO         5332    .text               mf_w.l(f2d.o)
    0x0800035e   0x0800035e   0x0000002c   Code   RO         5349    .text               mc_w.l(uidiv.o)
    0x0800038a   0x0800038a   0x0000001e   Code   RO         5351    .text               mc_w.l(llshl.o)
    0x080003a8   0x080003a8   0x00000020   Code   RO         5353    .text               mc_w.l(llushr.o)
    0x080003c8   0x080003c8   0x00000000   Code   RO         5355    .text               mc_w.l(iusefp.o)
    0x080003c8   0x080003c8   0x0000014e   Code   RO         5356    .text               mf_w.l(dadd.o)
    0x08000516   0x08000516   0x000000e4   Code   RO         5358    .text               mf_w.l(dmul.o)
    0x080005fa   0x080005fa   0x000000de   Code   RO         5360    .text               mf_w.l(ddiv.o)
    0x080006d8   0x080006d8   0x00000030   Code   RO         5362    .text               mf_w.l(dfixul.o)
    0x08000708   0x08000708   0x00000030   Code   RO         5364    .text               mf_w.l(cdrcmple.o)
    0x08000738   0x08000738   0x00000024   Code   RO         5366    .text               mc_w.l(init.o)
    0x0800075c   0x0800075c   0x00000024   Code   RO         5368    .text               mc_w.l(llsshr.o)
    0x08000780   0x08000780   0x000000ba   Code   RO         5370    .text               mf_w.l(depilogue.o)
    0x0800083a   0x0800083a   0x00000002   PAD
    0x0800083c   0x0800083c   0x00000128   Code   RO          602    i.ADC_Init          stm32f4xx_hal_adc.o
    0x08000964   0x08000964   0x00000002   Code   RO          499    i.BusFault_Handler  stm32f4xx_it.o
    0x08000966   0x08000966   0x00000002   PAD
    0x08000968   0x08000968   0x00000030   Code   RO         4806    i.DHT11_Init        ldh_driver_dht11.o
    0x08000998   0x08000998   0x00000020   Code   RO         4807    i.DHT11_Mode_IPU    ldh_driver_dht11.o
    0x080009b8   0x080009b8   0x00000020   Code   RO         4808    i.DHT11_Mode_Out_PP  ldh_driver_dht11.o
    0x080009d8   0x080009d8   0x00000060   Code   RO         4809    i.DHT11_ReadByte    ldh_driver_dht11.o
    0x08000a38   0x08000a38   0x00000002   Code   RO          500    i.DebugMon_Handler  stm32f4xx_it.o
    0x08000a3a   0x08000a3a   0x00000022   Code   RO          501    i.EXTI9_5_IRQHandler  stm32f4xx_it.o
    0x08000a5c   0x08000a5c   0x00000004   Code   RO           13    i.Error_Handler     main.o
    0x08000a60   0x08000a60   0x0000014c   Code   RO          604    i.HAL_ADC_ConfigChannel  stm32f4xx_hal_adc.o
    0x08000bac   0x08000bac   0x00000004   Code   RO          610    i.HAL_ADC_GetState  stm32f4xx_hal_adc.o
    0x08000bb0   0x08000bb0   0x00000006   Code   RO          611    i.HAL_ADC_GetValue  stm32f4xx_hal_adc.o
    0x08000bb6   0x08000bb6   0x00000054   Code   RO          613    i.HAL_ADC_Init      stm32f4xx_hal_adc.o
    0x08000c0a   0x08000c0a   0x00000002   PAD
    0x08000c0c   0x08000c0c   0x00000060   Code   RO          362    i.HAL_ADC_MspInit   adc.o
    0x08000c6c   0x08000c6c   0x000000aa   Code   RO          617    i.HAL_ADC_PollForConversion  stm32f4xx_hal_adc.o
    0x08000d16   0x08000d16   0x00000002   PAD
    0x08000d18   0x08000d18   0x000000fc   Code   RO          619    i.HAL_ADC_Start     stm32f4xx_hal_adc.o
    0x08000e14   0x08000e14   0x00000092   Code   RO         1339    i.HAL_DMA_Abort     stm32f4xx_hal_dma.o
    0x08000ea6   0x08000ea6   0x00000024   Code   RO         1340    i.HAL_DMA_Abort_IT  stm32f4xx_hal_dma.o
    0x08000eca   0x08000eca   0x00000002   PAD
    0x08000ecc   0x08000ecc   0x0000002c   Code   RO          251    i.HAL_GPIO_EXTI_Callback  gpio.o
    0x08000ef8   0x08000ef8   0x00000018   Code   RO         1231    i.HAL_GPIO_EXTI_IRQHandler  stm32f4xx_hal_gpio.o
    0x08000f10   0x08000f10   0x000001f0   Code   RO         1232    i.HAL_GPIO_Init     stm32f4xx_hal_gpio.o
    0x08001100   0x08001100   0x0000000a   Code   RO         1234    i.HAL_GPIO_ReadPin  stm32f4xx_hal_gpio.o
    0x0800110a   0x0800110a   0x0000000a   Code   RO         1236    i.HAL_GPIO_WritePin  stm32f4xx_hal_gpio.o
    0x08001114   0x08001114   0x0000000c   Code   RO         1764    i.HAL_GetTick       stm32f4xx_hal.o
    0x08001120   0x08001120   0x00000010   Code   RO         1770    i.HAL_IncTick       stm32f4xx_hal.o
    0x08001130   0x08001130   0x00000034   Code   RO         1771    i.HAL_Init          stm32f4xx_hal.o
    0x08001164   0x08001164   0x00000040   Code   RO         1772    i.HAL_InitTick      stm32f4xx_hal.o
    0x080011a4   0x080011a4   0x00000038   Code   RO          575    i.HAL_MspInit       stm32f4xx_hal_msp.o
    0x080011dc   0x080011dc   0x0000001a   Code   RO         1621    i.HAL_NVIC_EnableIRQ  stm32f4xx_hal_cortex.o
    0x080011f6   0x080011f6   0x00000002   PAD
    0x080011f8   0x080011f8   0x00000040   Code   RO         1627    i.HAL_NVIC_SetPriority  stm32f4xx_hal_cortex.o
    0x08001238   0x08001238   0x00000024   Code   RO         1628    i.HAL_NVIC_SetPriorityGrouping  stm32f4xx_hal_cortex.o
    0x0800125c   0x0800125c   0x00000134   Code   RO          878    i.HAL_RCC_ClockConfig  stm32f4xx_hal_rcc.o
    0x08001390   0x08001390   0x00000020   Code   RO          885    i.HAL_RCC_GetPCLK1Freq  stm32f4xx_hal_rcc.o
    0x080013b0   0x080013b0   0x00000020   Code   RO          886    i.HAL_RCC_GetPCLK2Freq  stm32f4xx_hal_rcc.o
    0x080013d0   0x080013d0   0x00000060   Code   RO          887    i.HAL_RCC_GetSysClockFreq  stm32f4xx_hal_rcc.o
    0x08001430   0x08001430   0x0000036c   Code   RO          890    i.HAL_RCC_OscConfig  stm32f4xx_hal_rcc.o
    0x0800179c   0x0800179c   0x00000028   Code   RO         1632    i.HAL_SYSTICK_Config  stm32f4xx_hal_cortex.o
    0x080017c4   0x080017c4   0x00000090   Code   RO         2734    i.HAL_TIMEx_MasterConfigSynchronization  stm32f4xx_hal_tim_ex.o
    0x08001854   0x08001854   0x0000005a   Code   RO         2011    i.HAL_TIM_Base_Init  stm32f4xx_hal_tim.o
    0x080018ae   0x080018ae   0x00000002   PAD
    0x080018b0   0x080018b0   0x00000028   Code   RO          404    i.HAL_TIM_Base_MspInit  tim.o
    0x080018d8   0x080018d8   0x00000078   Code   RO         2014    i.HAL_TIM_Base_Start  stm32f4xx_hal_tim.o
    0x08001950   0x08001950   0x00000026   Code   RO         2017    i.HAL_TIM_Base_Stop  stm32f4xx_hal_tim.o
    0x08001976   0x08001976   0x00000002   Code   RO         2993    i.HAL_UARTEx_RxEventCallback  stm32f4xx_hal_uart.o
    0x08001978   0x08001978   0x00000002   Code   RO         3007    i.HAL_UART_ErrorCallback  stm32f4xx_hal_uart.o
    0x0800197a   0x0800197a   0x00000002   PAD
    0x0800197c   0x0800197c   0x00000268   Code   RO         3010    i.HAL_UART_IRQHandler  stm32f4xx_hal_uart.o
    0x08001be4   0x08001be4   0x00000062   Code   RO         3011    i.HAL_UART_Init     stm32f4xx_hal_uart.o
    0x08001c46   0x08001c46   0x00000002   PAD
    0x08001c48   0x08001c48   0x000000bc   Code   RO          446    i.HAL_UART_MspInit  usart.o
    0x08001d04   0x08001d04   0x0000002a   Code   RO         3016    i.HAL_UART_Receive_IT  stm32f4xx_hal_uart.o
    0x08001d2e   0x08001d2e   0x00000002   PAD
    0x08001d30   0x08001d30   0x00000084   Code   RO         4865    i.HAL_UART_RxCpltCallback  ldh_driver_esp01s.o
    0x08001db4   0x08001db4   0x000000b2   Code   RO         3019    i.HAL_UART_Transmit  stm32f4xx_hal_uart.o
    0x08001e66   0x08001e66   0x00000002   Code   RO         3022    i.HAL_UART_TxCpltCallback  stm32f4xx_hal_uart.o
    0x08001e68   0x08001e68   0x00000002   Code   RO          502    i.HardFault_Handler  stm32f4xx_it.o
    0x08001e6a   0x08001e6a   0x00000002   PAD
    0x08001e6c   0x08001e6c   0x00000060   Code   RO          363    i.MX_ADC1_Init      adc.o
    0x08001ecc   0x08001ecc   0x00000080   Code   RO          287    i.MX_FREERTOS_Init  freertos.o
    0x08001f4c   0x08001f4c   0x0000010c   Code   RO          252    i.MX_GPIO_Init      gpio.o
    0x08002058   0x08002058   0x00000044   Code   RO          405    i.MX_TIM6_Init      tim.o
    0x0800209c   0x0800209c   0x00000038   Code   RO          447    i.MX_UART4_Init     usart.o
    0x080020d4   0x080020d4   0x00000038   Code   RO          448    i.MX_USART1_UART_Init  usart.o
    0x0800210c   0x0800210c   0x00000002   Code   RO          503    i.MemManage_Handler  stm32f4xx_it.o
    0x0800210e   0x0800210e   0x00000002   Code   RO          504    i.NMI_Handler       stm32f4xx_it.o
    0x08002110   0x08002110   0x00000020   Code   RO          288    i.StartTask01       freertos.o
    0x08002130   0x08002130   0x00000118   Code   RO          289    i.StartTask02       freertos.o
    0x08002248   0x08002248   0x00000018   Code   RO          290    i.StartTask03       freertos.o
    0x08002260   0x08002260   0x0000000c   Code   RO          291    i.StartTask04       freertos.o
    0x0800226c   0x0800226c   0x00000088   Code   RO          292    i.StartTask05       freertos.o
    0x080022f4   0x080022f4   0x00000018   Code   RO          505    i.SysTick_Handler   stm32f4xx_it.o
    0x0800230c   0x0800230c   0x00000090   Code   RO           14    i.SystemClock_Config  main.o
    0x0800239c   0x0800239c   0x00000010   Code   RO         3340    i.SystemInit        system_stm32f4xx.o
    0x080023ac   0x080023ac   0x000000c8   Code   RO         2104    i.TIM_Base_SetConfig  stm32f4xx_hal_tim.o
    0x08002474   0x08002474   0x0000000c   Code   RO          506    i.UART4_IRQHandler  stm32f4xx_it.o
    0x08002480   0x08002480   0x00000010   Code   RO         3024    i.UART_DMAAbortOnError  stm32f4xx_hal_uart.o
    0x08002490   0x08002490   0x0000004e   Code   RO         3034    i.UART_EndRxTransfer  stm32f4xx_hal_uart.o
    0x080024de   0x080024de   0x000000c0   Code   RO         3036    i.UART_Receive_IT   stm32f4xx_hal_uart.o
    0x0800259e   0x0800259e   0x00000002   PAD
    0x080025a0   0x080025a0   0x0000010c   Code   RO         3037    i.UART_SetConfig    stm32f4xx_hal_uart.o
    0x080026ac   0x080026ac   0x0000003a   Code   RO         3039    i.UART_Start_Receive_IT  stm32f4xx_hal_uart.o
    0x080026e6   0x080026e6   0x00000078   Code   RO         3040    i.UART_WaitOnFlagUntilTimeout  stm32f4xx_hal_uart.o
    0x0800275e   0x0800275e   0x00000002   Code   RO          507    i.UsageFault_Handler  stm32f4xx_it.o
    0x08002760   0x08002760   0x00000020   Code   RO         5304    i.__0printf         mc_w.l(printfa.o)
    0x08002780   0x08002780   0x00000028   Code   RO         5306    i.__0sprintf        mc_w.l(printfa.o)
    0x080027a8   0x080027a8   0x00000020   Code   RO         1634    i.__NVIC_SetPriority  stm32f4xx_hal_cortex.o
    0x080027c8   0x080027c8   0x0000000e   Code   RO         5374    i.__scatterload_copy  mc_w.l(handlers.o)
    0x080027d6   0x080027d6   0x00000002   Code   RO         5375    i.__scatterload_null  mc_w.l(handlers.o)
    0x080027d8   0x080027d8   0x0000000e   Code   RO         5376    i.__scatterload_zeroinit  mc_w.l(handlers.o)
    0x080027e6   0x080027e6   0x00000002   PAD
    0x080027e8   0x080027e8   0x00000184   Code   RO         5311    i._fp_digits        mc_w.l(printfa.o)
    0x0800296c   0x0800296c   0x000006dc   Code   RO         5312    i._printf_core      mc_w.l(printfa.o)
    0x08003048   0x08003048   0x00000024   Code   RO         5313    i._printf_post_padding  mc_w.l(printfa.o)
    0x0800306c   0x0800306c   0x0000002e   Code   RO         5314    i._printf_pre_padding  mc_w.l(printfa.o)
    0x0800309a   0x0800309a   0x0000000a   Code   RO         5316    i._sputc            mc_w.l(printfa.o)
    0x080030a4   0x080030a4   0x0000001c   Code   RO          449    i.fputc             usart.o
    0x080030c0   0x080030c0   0x0000003c   Code   RO         4936    i.get_light         ldh_driver_light.o
    0x080030fc   0x080030fc   0x0000013c   Code   RO         4811    i.ldh_DHT11_Read    ldh_driver_dht11.o
    0x08003238   0x08003238   0x00000018   Code   RO         4674    i.ldh_delay_ms      ldh_delay.o
    0x08003250   0x08003250   0x00000038   Code   RO         4675    i.ldh_delay_us      ldh_delay.o
    0x08003288   0x08003288   0x00000026   Code   RO           15    i.main              main.o
    0x080032ae   0x080032ae   0x0000000c   Code   RO         4160    i.makeFreeRtosPriority  cmsis_os.o
    0x080032ba   0x080032ba   0x0000000e   Code   RO         4162    i.osDelay           cmsis_os.o
    0x080032c8   0x080032c8   0x0000000a   Code   RO         4165    i.osKernelStart     cmsis_os.o
    0x080032d2   0x080032d2   0x00000054   Code   RO         4199    i.osThreadCreate    cmsis_os.o
    0x08003326   0x08003326   0x00000002   PAD
    0x08003328   0x08003328   0x00000070   Code   RO         3842    i.prvAddCurrentTaskToDelayedList  tasks.o
    0x08003398   0x08003398   0x000000d0   Code   RO         3843    i.prvAddNewTaskToReadyList  tasks.o
    0x08003468   0x08003468   0x00000034   Code   RO         3844    i.prvDeleteTCB      tasks.o
    0x0800349c   0x0800349c   0x0000004c   Code   RO         4527    i.prvHeapInit       heap_4.o
    0x080034e8   0x080034e8   0x00000060   Code   RO         3845    i.prvIdleTask       tasks.o
    0x08003548   0x08003548   0x00000098   Code   RO         3846    i.prvInitialiseNewTask  tasks.o
    0x080035e0   0x080035e0   0x0000004c   Code   RO         4528    i.prvInsertBlockIntoFreeList  heap_4.o
    0x0800362c   0x0800362c   0x00000020   Code   RO         3847    i.prvResetNextTaskUnblockTime  tasks.o
    0x0800364c   0x0800364c   0x00000028   Code   RO         4595    i.prvTaskExitError  port.o
    0x08003674   0x08003674   0x000000dc   Code   RO         4529    i.pvPortMalloc      heap_4.o
    0x08003750   0x08003750   0x0000002c   Code   RO         4596    i.pxPortInitialiseStack  port.o
    0x0800377c   0x0800377c   0x00000026   Code   RO         3478    i.uxListRemove      list.o
    0x080037a2   0x080037a2   0x00000002   PAD
    0x080037a4   0x080037a4   0x00000014   Code   RO          293    i.vApplicationGetIdleTaskMemory  freertos.o
    0x080037b8   0x080037b8   0x00000016   Code   RO         3479    i.vListInitialise   list.o
    0x080037ce   0x080037ce   0x00000006   Code   RO         3480    i.vListInitialiseItem  list.o
    0x080037d4   0x080037d4   0x00000030   Code   RO         3481    i.vListInsert       list.o
    0x08003804   0x08003804   0x00000018   Code   RO         3482    i.vListInsertEnd    list.o
    0x0800381c   0x0800381c   0x00000040   Code   RO         4598    i.vPortEnterCritical  port.o
    0x0800385c   0x0800385c   0x00000028   Code   RO         4599    i.vPortExitCritical  port.o
    0x08003884   0x08003884   0x00000064   Code   RO         4530    i.vPortFree         heap_4.o
    0x080038e8   0x080038e8   0x00000024   Code   RO         4600    i.vPortSetupTimerInterrupt  port.o
    0x0800390c   0x0800390c   0x0000004c   Code   RO         3856    i.vTaskDelay        tasks.o
    0x08003958   0x08003958   0x0000006c   Code   RO         3869    i.vTaskStartScheduler  tasks.o
    0x080039c4   0x080039c4   0x00000010   Code   RO         3871    i.vTaskSuspendAll   tasks.o
    0x080039d4   0x080039d4   0x0000005c   Code   RO         3872    i.vTaskSwitchContext  tasks.o
    0x08003a30   0x08003a30   0x00000020   Code   RO         4871    i.wifi_sendMessage  ldh_driver_esp01s.o
    0x08003a50   0x08003a50   0x000000f4   Code   RO         4602    i.xPortStartScheduler  port.o
    0x08003b44   0x08003b44   0x0000002c   Code   RO         4603    i.xPortSysTickHandler  port.o
    0x08003b70   0x08003b70   0x0000005a   Code   RO         3875    i.xTaskCreate       tasks.o
    0x08003bca   0x08003bca   0x00000056   Code   RO         3876    i.xTaskCreateStatic  tasks.o
    0x08003c20   0x08003c20   0x0000001c   Code   RO         3880    i.xTaskGetSchedulerState  tasks.o
    0x08003c3c   0x08003c3c   0x000000cc   Code   RO         3883    i.xTaskIncrementTick  tasks.o
    0x08003d08   0x08003d08   0x000000c4   Code   RO         3889    i.xTaskResumeAll    tasks.o
    0x08003dcc   0x08003dcc   0x0000008c   Data   RO          295    .constdata          freertos.o
    0x08003e58   0x08003e58   0x00000010   Data   RO         3341    .constdata          system_stm32f4xx.o
    0x08003e68   0x08003e68   0x00000008   Data   RO         3342    .constdata          system_stm32f4xx.o
    0x08003e70   0x08003e70   0x00000039   Data   RO          296    .conststring        freertos.o
    0x08003ea9   0x08003ea9   0x00000003   PAD
    0x08003eac   0x08003eac   0x00000020   Data   RO         5372    Region$$Table       anon$$obj.o


    Execution Region RW_IRAM1 (Exec base: 0x20000000, Load base: 0x08003ecc, Size: 0x00004af8, Max: 0x00020000, ABSOLUTE)

    Exec Addr    Load Addr    Size         Type   Attr      Idx    E Section Name        Object

    0x20000000   0x08003ecc   0x00000004   Data   RW          253    .data               gpio.o
    0x20000004   0x08003ed0   0x00000014   Data   RW          297    .data               freertos.o
    0x20000018   0x08003ee4   0x0000000c   Data   RW         1778    .data               stm32f4xx_hal.o
    0x20000024   0x08003ef0   0x00000004   Data   RW         3343    .data               system_stm32f4xx.o
    0x20000028   0x08003ef4   0x0000003c   Data   RW         3892    .data               tasks.o
    0x20000064   0x08003f30   0x00000020   Data   RW         4536    .data               heap_4.o
    0x20000084   0x08003f50   0x0000000c   Data   RW         4604    .data               port.o
    0x20000090   0x08003f5c   0x00000004   Data   RW         4812    .data               ldh_driver_dht11.o
    0x20000094   0x08003f60   0x00000004   Data   RW         4813    .data               ldh_driver_dht11.o
    0x20000098   0x08003f64   0x00000004   Data   RW         4814    .data               ldh_driver_dht11.o
    0x2000009c   0x08003f68   0x0000002a   Data   RW         4874    .data               ldh_driver_esp01s.o
    0x200000c6   0x08003f92   0x00000002   PAD
    0x200000c8   0x08003f94   0x00000004   Data   RW         4937    .data               ldh_driver_light.o
    0x200000cc   0x08003f98   0x00000004   Data   RW         4969    .data               ldh_driver_sr04.o
    0x200000d0   0x08003f9c   0x00000004   Data   RW         5348    .data               mc_w.l(stdout.o)
    0x200000d4        -       0x00000254   Zero   RW          294    .bss                freertos.o
    0x20000328        -       0x00000048   Zero   RW          364    .bss                adc.o
    0x20000370        -       0x00000048   Zero   RW          406    .bss                tim.o
    0x200003b8        -       0x00000088   Zero   RW          450    .bss                usart.o
    0x20000440        -       0x000000f0   Zero   RW         3891    .bss                tasks.o
    0x20000530        -       0x00003c00   Zero   RW         4535    .bss                heap_4.o
    0x20004130        -       0x000004c8   Zero   RW         4872    .bss                ldh_driver_esp01s.o
    0x200045f8        -       0x00000100   Zero   RW         4873    .bss                ldh_driver_esp01s.o
    0x200046f8        -       0x00000400   Zero   RW            1    STACK               startup_stm32f407xx.o


==============================================================================

Image component sizes


      Code (inc. data)   RO Data    RW Data    ZI Data      Debug   Object Name

       192         24          0          0         72       1725   adc.o
       120          0          0          0          0      23389   cmsis_os.o
         0          0          0          0          0      16976   event_groups.o
       632        200        197         20        596       5238   freertos.o
       312         22          0          4          0       1810   gpio.o
       472         24          0         32      15360       7475   heap_4.o
        80          6          0          0          0       1218   ldh_delay.o
       524         90          0         12          0       5209   ldh_driver_dht11.o
       164         32          0         42       1480       2610   ldh_driver_esp01s.o
        60          6          0          4          0        872   ldh_driver_light.o
         0          0          0          4          0        283   ldh_driver_sr04.o
       138          0          0          0          0       3606   list.o
       186          8          0          0          0     740452   main.o
       702         72          0         12          0      11064   port.o
        36          8        392          0       1024        840   startup_stm32f407xx.o
       144         24          0         12          0       8809   stm32f4xx_hal.o
      1144         52          0          0          0       5901   stm32f4xx_hal_adc.o
       198         14          0          0          0      34007   stm32f4xx_hal_cortex.o
       182          0          0          0          0       2115   stm32f4xx_hal_dma.o
       540         52          0          0          0       3510   stm32f4xx_hal_gpio.o
        56          4          0          0          0        878   stm32f4xx_hal_msp.o
      1344         72          0          0          0       5276   stm32f4xx_hal_rcc.o
       448         74          0          0          0       4256   stm32f4xx_hal_tim.o
       144         28          0          0          0       1356   stm32f4xx_hal_tim_ex.o
      1672         16          0          0          0      11472   stm32f4xx_hal_uart.o
        82          6          0          0          0       4367   stm32f4xx_it.o
         0          0          0          0          0        436   stream_buffer.o
        16          4         24          4          0       1147   system_stm32f4xx.o
      1548        118          0         60        240      20259   tasks.o
       108         20          0          0         72       1586   tim.o
       328         36          0          0        136       3125   usart.o

    ----------------------------------------------------------------------
     11600       1012        648        208      18980     931267   Object Totals
         0          0         32          0          0          0   (incl. Generated)
        28          0          3          2          0          0   (incl. Padding)

    ----------------------------------------------------------------------

      Code (inc. data)   RO Data    RW Data    ZI Data      Debug   Library Member Name

         0          0          0          0          0          0   entry.o
         0          0          0          0          0          0   entry10a.o
         0          0          0          0          0          0   entry11a.o
         8          4          0          0          0          0   entry2.o
         4          0          0          0          0          0   entry5.o
         0          0          0          0          0          0   entry7b.o
         0          0          0          0          0          0   entry8b.o
         8          4          0          0          0          0   entry9a.o
        30          0          0          0          0          0   handlers.o
        36          8          0          0          0         68   init.o
         0          0          0          0          0          0   iusefp.o
        30          0          0          0          0         68   llshl.o
        36          0          0          0          0         68   llsshr.o
        32          0          0          0          0         68   llushr.o
        36          0          0          0          0         68   memcpya.o
        36          0          0          0          0        108   memseta.o
      2308         96          0          0          0        604   printfa.o
         0          0          0          4          0          0   stdout.o
        14          0          0          0          0         68   strlen.o
        44          0          0          0          0         80   uidiv.o
        98          0          0          0          0         92   uldiv.o
        48          0          0          0          0         68   cdrcmple.o
       334          0          0          0          0        148   dadd.o
       222          0          0          0          0        100   ddiv.o
       186          0          0          0          0        176   depilogue.o
        48          0          0          0          0         68   dfixul.o
       228          0          0          0          0         96   dmul.o
        38          0          0          0          0         68   f2d.o

    ----------------------------------------------------------------------
      3828        112          0          4          0       2016   Library Totals
         4          0          0          0          0          0   (incl. Padding)

    ----------------------------------------------------------------------

      Code (inc. data)   RO Data    RW Data    ZI Data      Debug   Library Name

      2720        112          0          4          0       1292   mc_w.l
      1104          0          0          0          0        724   mf_w.l

    ----------------------------------------------------------------------
      3828        112          0          4          0       2016   Library Totals

    ----------------------------------------------------------------------

==============================================================================


      Code (inc. data)   RO Data    RW Data    ZI Data      Debug   

     15428       1124        648        212      18980     921047   Grand Totals
     15428       1124        648        212      18980     921047   ELF Image Totals
     15428       1124        648        212          0          0   ROM Totals

==============================================================================

    Total RO  Size (Code + RO Data)                16076 (  15.70kB)
    Total RW  Size (RW Data + ZI Data)             19192 (  18.74kB)
    Total ROM Size (Code + RO Data + RW Data)      16288 (  15.91kB)

==============================================================================

